Component: ARM Compiler 5.06 update 7 (build 960) Tool: armlink [4d3601]

==============================================================================

Section Cross References

    delay.o(i.Delay) refers to delay.o(.data) for msTicks
    delay.o(i.Init_Systick) refers to aeabi_sdiv.o(.text) for __aeabi_uidivmod
    delay.o(i.Init_Systick) refers to delay.o(i.__NVIC_SetPriority) for __NVIC_SetPriority
    delay.o(i.Init_Systick) refers to system_mkl46z4.o(.data) for SystemCoreClock
    delay.o(i.SysTick_Handler) refers to delay.o(.data) for msTicks
    delay.o(i.SysTick_Handler) refers to main.o(.data) for operation
    uart.o(i.UART_Init) refers to aeabi_sdiv.o(.text) for __aeabi_uidivmod
    uart.o(i.UART_Init) refers to system_mkl46z4.o(.data) for SystemCoreClock
    uart.o(i.UART_SendFloat) refers to _printf_percent.o(.ARM.Collect$$_printf_percent$$00000000) for _printf_percent
    uart.o(i.UART_SendFloat) refers to _printf_f.o(.ARM.Collect$$_printf_percent$$00000003) for _printf_f
    uart.o(i.UART_SendFloat) refers to printf1.o(x$fpl$printf1) for _printf_fp_dec
    uart.o(i.UART_SendFloat) refers to f2d.o(.text) for __aeabi_f2d
    uart.o(i.UART_SendFloat) refers to noretval__2sprintf.o(.text) for __2sprintf
    uart.o(i.UART_SendFloat) refers to uart.o(i.UART_SendString) for UART_SendString
    uart.o(i.UART_SendInt16) refers to _printf_percent.o(.ARM.Collect$$_printf_percent$$00000000) for _printf_percent
    uart.o(i.UART_SendInt16) refers to _printf_d.o(.ARM.Collect$$_printf_percent$$00000009) for _printf_d
    uart.o(i.UART_SendInt16) refers to _printf_dec.o(.text) for _printf_int_dec
    uart.o(i.UART_SendInt16) refers to noretval__2sprintf.o(.text) for __2sprintf
    uart.o(i.UART_SendInt16) refers to uart.o(i.UART_SendString) for UART_SendString
    uart.o(i.UART_SendString) refers to uart.o(i.UART_SendChar) for UART_SendChar
    uart.o(i.UART_SendUint8) refers to _printf_percent.o(.ARM.Collect$$_printf_percent$$00000000) for _printf_percent
    uart.o(i.UART_SendUint8) refers to _printf_u.o(.ARM.Collect$$_printf_percent$$0000000A) for _printf_u
    uart.o(i.UART_SendUint8) refers to _printf_dec.o(.text) for _printf_int_dec
    uart.o(i.UART_SendUint8) refers to noretval__2sprintf.o(.text) for __2sprintf
    uart.o(i.UART_SendUint8) refers to uart.o(i.UART_SendString) for UART_SendString
    main.o(i.calibx) refers to mag.o(i.mag_read) for mag_read
    main.o(i.calibx) refers to fflti.o(.text) for __aeabi_i2f
    main.o(i.calibx) refers to flef.o(x$fpl$fleqf) for __aeabi_cfcmple
    main.o(i.calibx) refers to frlef.o(x$fpl$frleqf) for __aeabi_cfrcmple
    main.o(i.calibx) refers to delay.o(i.Delay) for Delay
    main.o(i.calibx) refers to faddsub.o(x$fpl$fadd) for __aeabi_fadd
    main.o(i.calibx) refers to f2d.o(.text) for __aeabi_f2d
    main.o(i.calibx) refers to ddiv.o(.text) for __aeabi_ddiv
    main.o(i.calibx) refers to d2f.o(.text) for __aeabi_d2f
    main.o(i.caliby) refers to mag.o(i.mag_read) for mag_read
    main.o(i.caliby) refers to fflti.o(.text) for __aeabi_i2f
    main.o(i.caliby) refers to flef.o(x$fpl$fleqf) for __aeabi_cfcmple
    main.o(i.caliby) refers to frlef.o(x$fpl$frleqf) for __aeabi_cfrcmple
    main.o(i.caliby) refers to delay.o(i.Delay) for Delay
    main.o(i.caliby) refers to faddsub.o(x$fpl$fadd) for __aeabi_fadd
    main.o(i.caliby) refers to f2d.o(.text) for __aeabi_f2d
    main.o(i.caliby) refers to ddiv.o(.text) for __aeabi_ddiv
    main.o(i.caliby) refers to d2f.o(.text) for __aeabi_d2f
    main.o(i.main) refers to _printf_percent.o(.ARM.Collect$$_printf_percent$$00000000) for _printf_percent
    main.o(i.main) refers to _printf_d.o(.ARM.Collect$$_printf_percent$$00000009) for _printf_d
    main.o(i.main) refers to _printf_dec.o(.text) for _printf_int_dec
    main.o(i.main) refers to uart.o(i.UART_Init) for UART_Init
    main.o(i.main) refers to led.o(i.led_Init) for led_Init
    main.o(i.main) refers to switch.o(i.switch_Init) for switch_Init
    main.o(i.main) refers to delay.o(i.Init_Systick) for Init_Systick
    main.o(i.main) refers to i2c.o(i.I2C_init) for I2C_init
    main.o(i.main) refers to mag.o(i.mag_Init) for mag_Init
    main.o(i.main) refers to delay.o(i.Delay) for Delay
    main.o(i.main) refers to lcd.o(i.lcd_Init) for lcd_Init
    main.o(i.main) refers to uart.o(i.UART_SendString) for UART_SendString
    main.o(i.main) refers to main.o(i.calibx) for calibx
    main.o(i.main) refers to main.o(i.caliby) for caliby
    main.o(i.main) refers to lcd.o(i.string_Lcd) for string_Lcd
    main.o(i.main) refers to mag.o(i.mag_read) for mag_read
    main.o(i.main) refers to fflti.o(.text) for __aeabi_i2f
    main.o(i.main) refers to faddsub.o(x$fpl$fsub) for __aeabi_fsub
    main.o(i.main) refers to f2d.o(.text) for __aeabi_f2d
    main.o(i.main) refers to atan2.o(i.atan2) for atan2
    main.o(i.main) refers to d2f.o(.text) for __aeabi_d2f
    main.o(i.main) refers to dmul.o(.text) for __aeabi_dmul
[...]
    dunder.o(i.__mathlib_dbl_posinfnan) refers to dmul.o(.text) for __aeabi_dmul
    dunder.o(i.__mathlib_dbl_underflow) refers to dscalbn.o(.text) for __ARM_scalbn
    qnan.o(.constdata) refers (Special) to usenofp.o(x$fpl$usenofp) for __I$use$fp
    __rtentry2.o(.ARM.Collect$$rtentry$$00000008) refers to boardinit2.o(.text) for _platform_post_stackheap_init
    __rtentry2.o(.ARM.Collect$$rtentry$$0000000A) refers to libinit.o(.ARM.Collect$$libinit$$00000000) for __rt_lib_init
    __rtentry2.o(.ARM.Collect$$rtentry$$0000000B) refers to boardinit3.o(.text) for _platform_post_lib_init
    __rtentry2.o(.ARM.Collect$$rtentry$$0000000D) refers to main.o(i.main) for main
    __rtentry2.o(.ARM.Collect$$rtentry$$0000000D) refers to exit.o(.text) for exit
    __rtentry2.o(.ARM.exidx) refers to __rtentry2.o(.ARM.Collect$$rtentry$$00000001) for .ARM.Collect$$rtentry$$00000001
    __rtentry2.o(.ARM.exidx) refers to __rtentry2.o(.ARM.Collect$$rtentry$$00000008) for .ARM.Collect$$rtentry$$00000008
    __rtentry2.o(.ARM.exidx) refers to __rtentry2.o(.ARM.Collect$$rtentry$$0000000A) for .ARM.Collect$$rtentry$$0000000A
    __rtentry2.o(.ARM.exidx) refers to __rtentry2.o(.ARM.Collect$$rtentry$$0000000B) for .ARM.Collect$$rtentry$$0000000B
    __rtentry2.o(.ARM.exidx) refers to __rtentry2.o(.ARM.Collect$$rtentry$$0000000D) for .ARM.Collect$$rtentry$$0000000D
    __rtentry4.o(.ARM.Collect$$rtentry$$00000004) refers to sys_stackheap_outer.o(.text) for __user_setup_stackheap
    __rtentry4.o(.ARM.exidx) refers to __rtentry4.o(.ARM.Collect$$rtentry$$00000004) for .ARM.Collect$$rtentry$$00000004
    __rtentry7.o(.ARM.Collect$$rtentry$$00000007) refers to __rtentry7.o(.ARM.Collect$$rtentry$$00002718) for __lit__00000000
    __rtentry7.o(__vectab_stack_and_reset_2_area) refers to __main.o(!!!main) for __main
    __rtentry7.o(.ARM.exidx) refers to __rtentry7.o(.ARM.Collect$$rtentry$$00000007) for .ARM.Collect$$rtentry$$00000007
    __rtentry7.o(.ARM.exidx) refers to __rtentry7.o(.ARM.Collect$$rtentry$$00002718) for .ARM.Collect$$rtentry$$00002718
    rt_div0.o(.text) refers to defsig_fpe_outer.o(.text) for __rt_SIGFPE
    rt_locale.o(.text) refers to rt_locale.o(.bss) for __rt_locale_data
    rt_locale_intlibspace.o(.text) refers to libspace.o(.bss) for __libspace_start
    rt_errno_addr.o(.text) refers to rt_errno_addr.o(.bss) for __aeabi_errno_addr_data
    rt_errno_addr_intlibspace.o(.text) refers to libspace.o(.bss) for __libspace_start
    bigflt0.o(.text) refers (Special) to usenofp.o(x$fpl$usenofp) for __I$use$fp
    bigflt0.o(.text) refers to aeabi_sdiv.o(.text) for __aeabi_idivmod
    bigflt0.o(.text) refers to btod.o(.text) for _btod_emul
    bigflt0.o(.text) refers to bigflt0.o(.constdata) for .constdata
    bigflt0.o(.constdata) refers (Special) to usenofp.o(x$fpl$usenofp) for __I$use$fp
    btod.o(.text) refers to btod.o(i.__ARM_common_ll_muluu) for __ARM_common_ll_muluu
    lc_numeric_c.o(locale$$data) refers (Special) to libinit2.o(.ARM.Collect$$libinit$$00000016) for __rt_lib_init_lc_numeric_2
    lc_numeric_c.o(locale$$code) refers (Special) to libinit2.o(.ARM.Collect$$libinit$$00000016) for __rt_lib_init_lc_numeric_2
    lc_numeric_c.o(locale$$code) refers to strcmp.o(.text) for strcmp
    lc_numeric_c.o(locale$$code) refers to lc_numeric_c.o(locale$$data) for __lcnum_c_name
    cmpret.o(.text) refers (Special) to usenofp.o(x$fpl$usenofp) for __I$use$fp
    dcmpin.o(.text) refers (Special) to usenofp.o(x$fpl$usenofp) for __I$use$fp
    dcmpin.o(.text) refers to cmpret.o(.text) for __fpl_cmpreturn
    dcmpin.o(.text) refers to dnan2.o(.text) for __fpl_dcheck_NaN2
    dscalbn.o(.text) refers (Special) to usenofp.o(x$fpl$usenofp) for __I$use$fp
    fnan2.o(.text) refers (Special) to usenofp.o(x$fpl$usenofp) for __I$use$fp
    fnan2.o(.text) refers to retnan.o(.text) for __fpl_return_NaN
    ieee_status.o(.text) refers (Special) to usenofp.o(x$fpl$usenofp) for __I$use$fp
    fpclassify.o(i.__ARM_fpclassify) refers (Special) to usenofp.o(x$fpl$usenofp) for __I$use$fp
    poly.o(i.__kernel_poly) refers (Special) to usenofp.o(x$fpl$usenofp) for __I$use$fp
    poly.o(i.__kernel_poly) refers to dmul.o(.text) for __aeabi_dmul
    poly.o(i.__kernel_poly) refers to daddsub.o(.text) for __aeabi_dadd
    libspace.o(.text) refers to libspace.o(.bss) for __libspace_start
    sys_stackheap_outer.o(.text) refers to libspace.o(.text) for __user_perproc_libspace
    sys_stackheap_outer.o(.text) refers to sys_stackheap.o(.text) for __user_initial_stackheap
    sys_stackheap_outer.o(__vectab_stack_and_reset_area) refers to tempstk.o(.text) for __temporary_stack_top
    sys_stackheap_outer.o(__vectab_stack_and_reset_area) refers to __main.o(!!!main) for __main
    exit.o(.text) refers to rtexit.o(.ARM.Collect$$rtexit$$00000000) for __rt_exit
    defsig_fpe_outer.o(.text) refers to defsig_fpe_inner.o(.text) for __rt_SIGFPE_inner
    defsig_fpe_outer.o(.text) refers to defsig_exit.o(.text) for __sig_exit
    defsig_fpe_formal.o(.text) refers to rt_raise.o(.text) for __rt_raise
    libinit.o(.ARM.Collect$$libinit$$00000000) refers (Special) to libinit2.o(.ARM.Collect$$libinit$$0000002E) for __rt_lib_init_alloca_1
    libinit.o(.ARM.Collect$$libinit$$00000000) refers (Special) to libinit2.o(.ARM.Collect$$libinit$$0000002C) for __rt_lib_init_argv_1
    libinit.o(.ARM.Collect$$libinit$$00000000) refers (Special) to libinit2.o(.ARM.Collect$$libinit$$0000001B) for __rt_lib_init_atexit_1
    libinit.o(.ARM.Collect$$libinit$$00000000) refers (Special) to libinit2.o(.ARM.Collect$$libinit$$00000021) for __rt_lib_init_clock_1
    libinit.o(.ARM.Collect$$libinit$$00000000) refers (Special) to libinit2.o(.ARM.Collect$$libinit$$00000032) for __rt_lib_init_cpp_1
    libinit.o(.ARM.Collect$$libinit$$00000000) refers (Special) to libinit2.o(.ARM.Collect$$libinit$$00000030) for __rt_lib_init_exceptions_1
    libinit.o(.ARM.Collect$$libinit$$00000000) refers (Special) to libinit2.o(.ARM.Collect$$libinit$$00000002) for __rt_lib_init_fp_1
    libinit.o(.ARM.Collect$$libinit$$00000000) refers (Special) to libinit2.o(.ARM.Collect$$libinit$$0000001F) for __rt_lib_init_fp_trap_1
    libinit.o(.ARM.Collect$$libinit$$00000000) refers (Special) to libinit2.o(.ARM.Collect$$libinit$$00000023) for __rt_lib_init_getenv_1
    libinit.o(.ARM.Collect$$libinit$$00000000) refers (Special) to libinit2.o(.ARM.Collect$$libinit$$0000000A) for __rt_lib_init_heap_1
    libinit.o(.ARM.Collect$$libinit$$00000000) refers (Special) to libinit2.o(.ARM.Collect$$libinit$$00000011) for __rt_lib_init_lc_collate_1
    libinit.o(.ARM.Collect$$libinit$$00000000) refers (Special) to libinit2.o(.ARM.Collect$$libinit$$00000013) for __rt_lib_init_lc_ctype_1
    libinit.o(.ARM.Collect$$libinit$$00000000) refers (Special) to libinit2.o(.ARM.Collect$$libinit$$00000015) for __rt_lib_init_lc_monetary_1
    libinit.o(.ARM.Collect$$libinit$$00000000) refers (Special) to libinit2.o(.ARM.Collect$$libinit$$00000017) for __rt_lib_init_lc_numeric_1
    libinit.o(.ARM.Collect$$libinit$$00000000) refers (Special) to libinit2.o(.ARM.Collect$$libinit$$00000019) for __rt_lib_init_lc_time_1
    libinit.o(.ARM.Collect$$libinit$$00000000) refers (Special) to libinit2.o(.ARM.Collect$$libinit$$00000004) for __rt_lib_init_preinit_1
    libinit.o(.ARM.Collect$$libinit$$00000000) refers (Special) to libinit2.o(.ARM.Collect$$libinit$$0000000E) for __rt_lib_init_rand_1
    libinit.o(.ARM.Collect$$libinit$$00000000) refers (Special) to libinit2.o(.ARM.Collect$$libinit$$00000033) for __rt_lib_init_return
    libinit.o(.ARM.Collect$$libinit$$00000000) refers (Special) to libinit2.o(.ARM.Collect$$libinit$$0000001D) for __rt_lib_init_signal_1
    libinit.o(.ARM.Collect$$libinit$$00000000) refers (Special) to libinit2.o(.ARM.Collect$$libinit$$00000025) for __rt_lib_init_stdio_1
    libinit.o(.ARM.Collect$$libinit$$00000000) refers (Special) to libinit2.o(.ARM.Collect$$libinit$$0000000C) for __rt_lib_init_user_alloc_1
    libinit2.o(.ARM.Collect$$libinit$$0000000F) refers (Weak) to rt_locale_intlibspace.o(.text) for __rt_locale
    libinit2.o(.ARM.Collect$$libinit$$00000010) refers to libinit2.o(.ARM.Collect$$libinit$$0000000F) for .ARM.Collect$$libinit$$0000000F
    libinit2.o(.ARM.Collect$$libinit$$00000012) refers to libinit2.o(.ARM.Collect$$libinit$$0000000F) for .ARM.Collect$$libinit$$0000000F
    libinit2.o(.ARM.Collect$$libinit$$00000014) refers to libinit2.o(.ARM.Collect$$libinit$$0000000F) for .ARM.Collect$$libinit$$0000000F
    libinit2.o(.ARM.Collect$$libinit$$00000016) refers to libinit2.o(.ARM.Collect$$libinit$$0000000F) for .ARM.Collect$$libinit$$0000000F
    libinit2.o(.ARM.Collect$$libinit$$00000016) refers (Weak) to lc_numeric_c.o(locale$$code) for _get_lc_numeric
    libinit2.o(.ARM.Collect$$libinit$$00000018) refers to libinit2.o(.ARM.Collect$$libinit$$0000000F) for .ARM.Collect$$libinit$$0000000F
    libinit2.o(.ARM.Collect$$libinit$$00000026) refers to argv_veneer.o(.text) for __ARM_argv_veneer
    libinit2.o(.ARM.Collect$$libinit$$00000027) refers to argv_veneer.o(.text) for __ARM_argv_veneer
    dnan2.o(.text) refers (Special) to usenofp.o(x$fpl$usenofp) for __I$use$fp
    dnan2.o(.text) refers to retnan.o(.text) for __fpl_return_NaN
    retnan.o(.text) refers (Special) to usenofp.o(x$fpl$usenofp) for __I$use$fp
    retnan.o(.text) refers to cmpret.o(.text) for __fpl_cmpreturn
    sys_stackheap.o(.text) refers (Special) to indicate_semi.o(.text) for __semihosting_library_function
    sys_stackheap.o(.text) refers to use_no_semi.o(.text) for __I$use$semihosting
    rtexit.o(.ARM.Collect$$rtexit$$00000000) refers (Special) to rtexit2.o(.ARM.Collect$$rtexit$$00000004) for __rt_exit_exit
    rtexit.o(.ARM.Collect$$rtexit$$00000000) refers (Special) to rtexit2.o(.ARM.Collect$$rtexit$$00000003) for __rt_exit_ls
    rtexit.o(.ARM.Collect$$rtexit$$00000000) refers (Special) to rtexit2.o(.ARM.Collect$$rtexit$$00000002) for __rt_exit_prels_1
    rtexit.o(.ARM.exidx) refers (Special) to rtexit2.o(.ARM.Collect$$rtexit$$00000004) for __rt_exit_exit
    rtexit.o(.ARM.exidx) refers (Special) to rtexit2.o(.ARM.Collect$$rtexit$$00000003) for __rt_exit_ls
    rtexit.o(.ARM.exidx) refers (Special) to rtexit2.o(.ARM.Collect$$rtexit$$00000002) for __rt_exit_prels_1
    rtexit.o(.ARM.exidx) refers to rtexit.o(.ARM.Collect$$rtexit$$00000000) for .ARM.Collect$$rtexit$$00000000
    rt_raise.o(.text) refers to __raise.o(.text) for __raise
    rt_raise.o(.text) refers to sys_exit.o(.text) for _sys_exit
    defsig_exit.o(.text) refers to sys_exit.o(.text) for _sys_exit
    defsig_fpe_inner.o(.text) refers to defsig_general.o(.text) for __default_signal_display
    libinit5.o(.ARM.Collect$$libinit$$00000008) refers to libinit5.o(.ARM.Collect$$libinit$$00002719) for __lit__00000000
    libinit5.o(.ARM.Collect$$libinit$$0000002A) refers to libinit5.o(.ARM.Collect$$libinit$$0000273B) for __lit__00000002
    libinit5.o(.ARM.Collect$$libinit$$0000002A) refers to argv_veneer.o(.text) for __ARM_argv_veneer
    sys_exit.o(.text) refers (Special) to use_no_semi.o(.text) for __I$use$semihosting
    sys_exit.o(.text) refers (Special) to indicate_semi.o(.text) for __semihosting_library_function
    rtexit2.o(.ARM.Collect$$rtexit$$00000003) refers to libshutdown.o(.ARM.Collect$$libshutdown$$00000000) for __rt_lib_shutdown
    rtexit2.o(.ARM.Collect$$rtexit$$00000004) refers to sys_exit.o(.text) for _sys_exit
    rtexit2.o(.ARM.exidx) refers to rtexit2.o(.ARM.Collect$$rtexit$$00000001) for .ARM.Collect$$rtexit$$00000001
    rtexit2.o(.ARM.exidx) refers to rtexit2.o(.ARM.Collect$$rtexit$$00000003) for .ARM.Collect$$rtexit$$00000003
    rtexit2.o(.ARM.exidx) refers to rtexit2.o(.ARM.Collect$$rtexit$$00000004) for .ARM.Collect$$rtexit$$00000004
    __raise.o(.text) refers to defsig.o(CL$$defsig) for __default_signal_handler
    defsig_general.o(.text) refers to sys_wrch.o(.text) for _ttywrch
    _get_argv_nomalloc.o(.text) refers (Special) to hrguard.o(.text) for __heap_region$guard
    _get_argv_nomalloc.o(.text) refers to defsig_rtmem_outer.o(.text) for __rt_SIGRTMEM
    _get_argv_nomalloc.o(.text) refers to sys_command.o(.text) for _sys_command_string
    sys_wrch.o(.text) refers (Special) to use_no_semi.o(.text) for __I$use$semihosting
    sys_wrch.o(.text) refers (Special) to indicate_semi.o(.text) for __semihosting_library_function
    sys_command.o(.text) refers (Special) to use_no_semi.o(.text) for __I$use$semihosting
    sys_command.o(.text) refers (Special) to indicate_semi.o(.text) for __semihosting_library_function
    defsig_rtmem_outer.o(.text) refers to defsig_rtmem_inner.o(.text) for __rt_SIGRTMEM_inner
    defsig_rtmem_outer.o(.text) refers to defsig_exit.o(.text) for __sig_exit
    defsig_rtmem_formal.o(.text) refers to rt_raise.o(.text) for __rt_raise
    defsig.o(CL$$defsig) refers to defsig_fpe_inner.o(.text) for __rt_SIGFPE_inner
    defsig.o(CL$$defsig) refers to defsig_rtmem_inner.o(.text) for __rt_SIGRTMEM_inner
    libshutdown.o(.ARM.Collect$$libshutdown$$00000000) refers (Special) to libshutdown2.o(.ARM.Collect$$libshutdown$$00000004) for __rt_lib_shutdown_cpp_1
    libshutdown.o(.ARM.Collect$$libshutdown$$00000000) refers (Special) to libshutdown2.o(.ARM.Collect$$libshutdown$$00000002) for __rt_lib_shutdown_fini_1
    libshutdown.o(.ARM.Collect$$libshutdown$$00000000) refers (Special) to libshutdown2.o(.ARM.Collect$$libshutdown$$00000009) for __rt_lib_shutdown_fp_trap_1
    libshutdown.o(.ARM.Collect$$libshutdown$$00000000) refers (Special) to libshutdown2.o(.ARM.Collect$$libshutdown$$00000011) for __rt_lib_shutdown_heap_1
    libshutdown.o(.ARM.Collect$$libshutdown$$00000000) refers (Special) to libshutdown2.o(.ARM.Collect$$libshutdown$$00000012) for __rt_lib_shutdown_return
    libshutdown.o(.ARM.Collect$$libshutdown$$00000000) refers (Special) to libshutdown2.o(.ARM.Collect$$libshutdown$$0000000C) for __rt_lib_shutdown_signal_1
    libshutdown.o(.ARM.Collect$$libshutdown$$00000000) refers (Special) to libshutdown2.o(.ARM.Collect$$libshutdown$$00000006) for __rt_lib_shutdown_stdio_1
    libshutdown.o(.ARM.Collect$$libshutdown$$00000000) refers (Special) to libshutdown2.o(.ARM.Collect$$libshutdown$$0000000E) for __rt_lib_shutdown_user_alloc_1
    defsig_abrt_inner.o(.text) refers to defsig_general.o(.text) for __default_signal_display
    defsig_rtred_inner.o(.text) refers to defsig_general.o(.text) for __default_signal_display
    defsig_rtmem_inner.o(.text) refers to defsig_general.o(.text) for __default_signal_display
    defsig_stak_inner.o(.text) refers to defsig_general.o(.text) for __default_signal_display
    defsig_pvfn_inner.o(.text) refers to defsig_general.o(.text) for __default_signal_display
    defsig_cppl_inner.o(.text) refers to defsig_general.o(.text) for __default_signal_display
    defsig_segv_inner.o(.text) refers to defsig_general.o(.text) for __default_signal_display
    defsig_other.o(.text) refers to defsig_general.o(.text) for __default_signal_display


==============================================================================

Removing Unused input sections from the image.

    Removing i2c.o(.rev16_text), (4 bytes).
    Removing i2c.o(.revsh_text), (4 bytes).
    Removing delay.o(.rev16_text), (4 bytes).
    Removing delay.o(.revsh_text), (4 bytes).
    Removing delay.o(i.Shutdown), (20 bytes).
    Removing uart.o(.rev16_text), (4 bytes).
    Removing uart.o(.revsh_text), (4 bytes).
    Removing uart.o(i.UART_SendFloat), (44 bytes).
    Removing uart.o(i.UART_SendInt16), (28 bytes).
    Removing uart.o(i.UART_SendUint8), (28 bytes).
    Removing main.o(.rev16_text), (4 bytes).
    Removing main.o(.revsh_text), (4 bytes).
    Removing mag.o(.rev16_text), (4 bytes).
    Removing mag.o(.revsh_text), (4 bytes).
    Removing lcd.o(.rev16_text), (4 bytes).
    Removing lcd.o(.revsh_text), (4 bytes).
    Removing led.o(.rev16_text), (4 bytes).
    Removing led.o(.revsh_text), (4 bytes).
    Removing switch.o(.rev16_text), (4 bytes).
    Removing switch.o(.revsh_text), (4 bytes).
    Removing system_mkl46z4.o(.rev16_text), (4 bytes).
    Removing system_mkl46z4.o(.revsh_text), (4 bytes).
    Removing system_mkl46z4.o(i.SystemCoreClockUpdate), (400 bytes).
    Removing system_mkl46z4.o(i.__ARM_common_switch8), (28 bytes).

24 unused section(s) (total 620 bytes) removed from the image.

==============================================================================

Image Symbol Table

    Local Symbols

    Symbol Name                              Value     Ov Type        Size  Object(Section)

    RESET                                    0x00000000   Section      192  startup_mkl46z4.o(RESET)
    ../clib/angel/boardlib.s                 0x00000000   Number         0  boardinit1.o ABSOLUTE
    ../clib/angel/boardlib.s                 0x00000000   Number         0  boardinit2.o ABSOLUTE
    ../clib/angel/boardlib.s                 0x00000000   Number         0  boardinit3.o ABSOLUTE
    ../clib/angel/boardlib.s                 0x00000000   Number         0  boardshut.o ABSOLUTE
    ../clib/angel/handlers.s                 0x00000000   Number         0  __scatter_copy.o ABSOLUTE
    ../clib/angel/handlers.s                 0x00000000   Number         0  __scatter_zi.o ABSOLUTE
    ../clib/angel/kernel.s                   0x00000000   Number         0  __rtentry4.o ABSOLUTE
    ../clib/angel/kernel.s                   0x00000000   Number         0  __rtentry2.o ABSOLUTE
    ../clib/angel/kernel.s                   0x00000000   Number         0  rtexit2.o ABSOLUTE
    ../clib/angel/kernel.s                   0x00000000   Number         0  __rtentry7.o ABSOLUTE
    ../clib/angel/kernel.s                   0x00000000   Number         0  __rtentry.o ABSOLUTE
    ../clib/angel/kernel.s                   0x00000000   Number         0  rtexit.o ABSOLUTE
    ../clib/angel/rt.s                       0x00000000   Number         0  rt_div0.o ABSOLUTE
    ../clib/angel/rt.s                       0x00000000   Number         0  aeabi_idiv0.o ABSOLUTE
    ../clib/angel/rt.s                       0x00000000   Number         0  rt_raise.o ABSOLUTE
    ../clib/angel/rt.s                       0x00000000   Number         0  rt_locale_intlibspace.o ABSOLUTE
    ../clib/angel/rt.s                       0x00000000   Number         0  rt_errno_addr.o ABSOLUTE
    ../clib/angel/rt.s                       0x00000000   Number         0  rt_errno_addr_intlibspace.o ABSOLUTE
    ../clib/angel/rt.s                       0x00000000   Number         0  rt_locale.o ABSOLUTE
    ../clib/angel/rt.s                       0x00000000   Number         0  aeabi_idiv0_sigfpe.o ABSOLUTE
    ../clib/angel/scatterp.s                 0x00000000   Number         0  __scatter.o ABSOLUTE
    ../clib/angel/startup.s                  0x00000000   Number         0  __main.o ABSOLUTE
    ../clib/angel/sys.s                      0x00000000   Number         0  sys_stackheap.o ABSOLUTE
    ../clib/angel/sys.s                      0x00000000   Number         0  libspace.o ABSOLUTE
    ../clib/angel/sys.s                      0x00000000   Number         0  sys_stackheap_outer.o ABSOLUTE
    ../clib/angel/sys.s                      0x00000000   Number         0  indicate_semi.o ABSOLUTE
    ../clib/angel/sys.s                      0x00000000   Number         0  tempstk.o ABSOLUTE
    ../clib/angel/sys.s                      0x00000000   Number         0  use_no_semi.o ABSOLUTE
    ../clib/angel/sysapp.c                   0x00000000   Number         0  sys_command.o ABSOLUTE
    ../clib/angel/sysapp.c                   0x00000000   Number         0  sys_wrch.o ABSOLUTE
    ../clib/angel/sysapp.c                   0x00000000   Number         0  sys_exit.o ABSOLUTE
    ../clib/armsys.c                         0x00000000   Number         0  no_argv.o ABSOLUTE
    ../clib/armsys.c                         0x00000000   Number         0  _get_argv_nomalloc.o ABSOLUTE
    ../clib/armsys.c                         0x00000000   Number         0  argv_veneer.o ABSOLUTE
    ../clib/bigflt.c                         0x00000000   Number         0  bigflt0.o ABSOLUTE
    ../clib/btod.c                           0x00000000   Number         0  btod.o ABSOLUTE
    ../clib/division.c                       0x00000000   Number         0  rtudiv10.o ABSOLUTE
    ../clib/division.c                       0x00000000   Number         0  lludiv10.o ABSOLUTE
    ../clib/division.s                       0x00000000   Number         0  aeabi_sdiv_div0.o ABSOLUTE
    ../clib/division.s                       0x00000000   Number         0  aeabi_sdiv.o ABSOLUTE
    ../clib/fenv.c                           0x00000000   Number         0  _rserrno.o ABSOLUTE
    ../clib/heapalloc.c                      0x00000000   Number         0  hrguard.o ABSOLUTE
    ../clib/libinit.s                        0x00000000   Number         0  libinit5.o ABSOLUTE
    ../clib/libinit.s                        0x00000000   Number         0  libshutdown2.o ABSOLUTE
    ../clib/libinit.s                        0x00000000   Number         0  libshutdown.o ABSOLUTE
    ../clib/libinit.s                        0x00000000   Number         0  libinit2.o ABSOLUTE
    ../clib/libinit.s                        0x00000000   Number         0  libinit.o ABSOLUTE
    ../clib/locale.s                         0x00000000   Number         0  lc_numeric_c.o ABSOLUTE
    ../clib/memcpset.c                       0x00000000   Number         0  rt_memcpy.o ABSOLUTE
    ../clib/memcpset.c                       0x00000000   Number         0  rt_memcpy.o ABSOLUTE
    ../clib/misc.s                           0x00000000   Number         0  printf_stubs.o ABSOLUTE
    ../clib/printf.c                         0x00000000   Number         0  __printf_ss.o ABSOLUTE
    ../clib/printf.c                         0x00000000   Number         0  __printf_flags_ss.o ABSOLUTE
    ../clib/printf.c                         0x00000000   Number         0  _printf_fp_infnan.o ABSOLUTE
    ../clib/printf.c                         0x00000000   Number         0  __printf_flags_wp.o ABSOLUTE
    ../clib/printf.c                         0x00000000   Number         0  __printf_ss_wp.o ABSOLUTE
    ../clib/printf.c                         0x00000000   Number         0  __printf_flags_ss_wp.o ABSOLUTE
    ../clib/printf.c                         0x00000000   Number         0  __printf_wp.o ABSOLUTE
    ../clib/printf.c                         0x00000000   Number         0  __printf.o ABSOLUTE
    ../clib/printf.c                         0x00000000   Number         0  _printf_intcommon.o ABSOLUTE
    ../clib/printf.c                         0x00000000   Number         0  __printf_nopercent.o ABSOLUTE
    ../clib/printf.c                         0x00000000   Number         0  _printf_dec.o ABSOLUTE
    ../clib/printf.c                         0x00000000   Number         0  __printf_flags.o ABSOLUTE
    ../clib/printf.c                         0x00000000   Number         0  noretval__2sprintf.o ABSOLUTE
    ../clib/printf.c                         0x00000000   Number         0  _printf_fp_dec.o ABSOLUTE
    ../clib/printf.c                         0x00000000   Number         0  _printf_char_common.o ABSOLUTE
    ../clib/printf.c                         0x00000000   Number         0  __2sprintf.o ABSOLUTE
    ../clib/printf.c                         0x00000000   Number         0  _sputc.o ABSOLUTE
    ../clib/printf_percent.s                 0x00000000   Number         0  _printf_f.o ABSOLUTE
    ../clib/printf_percent.s                 0x00000000   Number         0  _printf_d.o ABSOLUTE
    ../clib/printf_percent.s                 0x00000000   Number         0  _printf_percent.o ABSOLUTE
    ../clib/printf_percent.s                 0x00000000   Number         0  _printf_u.o ABSOLUTE
    ../clib/printf_percent.s                 0x00000000   Number         0  _printf_percent_end.o ABSOLUTE
    ../clib/signal.c                         0x00000000   Number         0  defsig_rtred_inner.o ABSOLUTE
    ../clib/signal.c                         0x00000000   Number         0  defsig_abrt_inner.o ABSOLUTE
    ../clib/signal.c                         0x00000000   Number         0  defsig_rtmem_formal.o ABSOLUTE
    ../clib/signal.c                         0x00000000   Number         0  defsig_rtmem_outer.o ABSOLUTE
    ../clib/signal.c                         0x00000000   Number         0  defsig_general.o ABSOLUTE
    ../clib/signal.c                         0x00000000   Number         0  __raise.o ABSOLUTE
    ../clib/signal.c                         0x00000000   Number         0  defsig_fpe_formal.o ABSOLUTE
    ../clib/signal.c                         0x00000000   Number         0  defsig_fpe_outer.o ABSOLUTE
    ../clib/signal.c                         0x00000000   Number         0  defsig_other.o ABSOLUTE
    ../clib/signal.c                         0x00000000   Number         0  defsig_segv_inner.o ABSOLUTE
    ../clib/signal.c                         0x00000000   Number         0  defsig_fpe_inner.o ABSOLUTE
    ../clib/signal.c                         0x00000000   Number         0  defsig_cppl_inner.o ABSOLUTE
    ../clib/signal.c                         0x00000000   Number         0  defsig_pvfn_inner.o ABSOLUTE
    ../clib/signal.c                         0x00000000   Number         0  defsig_stak_inner.o ABSOLUTE
    ../clib/signal.c                         0x00000000   Number         0  defsig_rtmem_inner.o ABSOLUTE
    ../clib/signal.c                         0x00000000   Number         0  defsig_exit.o ABSOLUTE
    ../clib/signal.s                         0x00000000   Number         0  defsig.o ABSOLUTE
    ../clib/stdlib.c                         0x00000000   Number         0  exit.o ABSOLUTE
    ../clib/string.c                         0x00000000   Number         0  strcmp.o ABSOLUTE
    ../fplib/cfplib/cmpret.c                 0x00000000   Number         0  cmpret.o ABSOLUTE
    ../fplib/cfplib/d2f.c                    0x00000000   Number         0  d2f.o ABSOLUTE
    ../fplib/cfplib/daddsub.c                0x00000000   Number         0  daddsub.o ABSOLUTE
    ../fplib/cfplib/dcmpin.c                 0x00000000   Number         0  dcmpin.o ABSOLUTE
    ../fplib/cfplib/ddiv.c                   0x00000000   Number         0  ddiv.o ABSOLUTE
    ../fplib/cfplib/dmul.c                   0x00000000   Number         0  dmul.o ABSOLUTE
    ../fplib/cfplib/f2d.c                    0x00000000   Number         0  f2d.o ABSOLUTE
    ../fplib/cfplib/fcmpin.c                 0x00000000   Number         0  fcmpin.o ABSOLUTE
    ../fplib/cfplib/ffix.c                   0x00000000   Number         0  ffixi.o ABSOLUTE
    ../fplib/cfplib/fflt.c                   0x00000000   Number         0  fflti.o ABSOLUTE
    ../fplib/cfplib/fpinit.c                 0x00000000   Number         0  fpinit.o ABSOLUTE
    ../fplib/cfplib/ieee_status.c            0x00000000   Number         0  ieee_status.o ABSOLUTE
    ../fplib/cfplib/nan2.c                   0x00000000   Number         0  dnan2.o ABSOLUTE
    ../fplib/cfplib/nan2.c                   0x00000000   Number         0  fnan2.o ABSOLUTE
    ../fplib/cfplib/retnan.c                 0x00000000   Number         0  retnan.o ABSOLUTE
    ../fplib/cfplib/scalbn.c                 0x00000000   Number         0  dscalbn.o ABSOLUTE
    ../fplib/deqf6m.s                        0x00000000   Number         0  deqf.o ABSOLUTE
    ../fplib/faddsub6m.s                     0x00000000   Number         0  faddsub.o ABSOLUTE
    ../fplib/fleqf6m.s                       0x00000000   Number         0  flef.o ABSOLUTE
    ../fplib/frleqf6m.s                      0x00000000   Number         0  frlef.o ABSOLUTE
    ../fplib/printf1.s                       0x00000000   Number         0  printf1.o ABSOLUTE
    ../fplib/usenofp.s                       0x00000000   Number         0  usenofp.o ABSOLUTE
    ../mathlib/atan.c                        0x00000000   Number         0  atan_x.o ABSOLUTE
    ../mathlib/atan.c                        0x00000000   Number         0  atan.o ABSOLUTE
    ../mathlib/atan2.c                       0x00000000   Number         0  atan2_x.o ABSOLUTE
    ../mathlib/atan2.c                       0x00000000   Number         0  atan2.o ABSOLUTE
    ../mathlib/dunder.c                      0x00000000   Number         0  dunder.o ABSOLUTE
    ../mathlib/fpclassify.c                  0x00000000   Number         0  fpclassify.o ABSOLUTE
    ../mathlib/poly.c                        0x00000000   Number         0  poly.o ABSOLUTE
    ../mathlib/qnan.c                        0x00000000   Number         0  qnan.o ABSOLUTE
    I2C.c                                    0x00000000   Number         0  i2c.o ABSOLUTE
    I2C.c                                    0x00000000   Number         0  i2c.o ABSOLUTE
    RTE/Device/MKL46Z256VLL4/startup_MKL46Z4.s 0x00000000   Number         0  startup_mkl46z4.o ABSOLUTE
    RTE/Device/MKL46Z256VLL4/system_MKL46Z4.c 0x00000000   Number         0  system_mkl46z4.o ABSOLUTE
    RTE\Device\MKL46Z256VLL4\system_MKL46Z4.c 0x00000000   Number         0  system_mkl46z4.o ABSOLUTE
    dc.s                                     0x00000000   Number         0  dc.o ABSOLUTE
    delay.c                                  0x00000000   Number         0  delay.o ABSOLUTE
    delay.c                                  0x00000000   Number         0  delay.o ABSOLUTE
    lcd.c                                    0x00000000   Number         0  lcd.o ABSOLUTE
    lcd.c                                    0x00000000   Number         0  lcd.o ABSOLUTE
    led.c                                    0x00000000   Number         0  led.o ABSOLUTE
    led.c                                    0x00000000   Number         0  led.o ABSOLUTE
    mag.c                                    0x00000000   Number         0  mag.o ABSOLUTE
    mag.c                                    0x00000000   Number         0  mag.o ABSOLUTE
    main.c                                   0x00000000   Number         0  main.o ABSOLUTE
    main.c                                   0x00000000   Number         0  main.o ABSOLUTE
    switch.c                                 0x00000000   Number         0  switch.o ABSOLUTE
    switch.c                                 0x00000000   Number         0  switch.o ABSOLUTE
    uart.c                                   0x00000000   Number         0  uart.o ABSOLUTE
    uart.c                                   0x00000000   Number         0  uart.o ABSOLUTE
    FlashConfig                              0x00000400   Section       16  startup_mkl46z4.o(FlashConfig)
    !!!main                                  0x00000410   Section        8  __main.o(!!!main)
    !!!scatter                               0x00000418   Section       60  __scatter.o(!!!scatter)
    !!handler_copy                           0x00000454   Section       26  __scatter_copy.o(!!handler_copy)
    !!handler_zi                             0x00000470   Section       28  __scatter_zi.o(!!handler_zi)
    .ARM.Collect$$_printf_percent$$00000000  0x0000048c   Section        2  _printf_percent.o(.ARM.Collect$$_printf_percent$$00000000)
    .ARM.Collect$$_printf_percent$$00000009  0x0000048e   Section       10  _printf_d.o(.ARM.Collect$$_printf_percent$$00000009)
    .ARM.Collect$$_printf_percent$$00000017  0x00000498   Section        4  _printf_percent_end.o(.ARM.Collect$$_printf_percent$$00000017)
    .ARM.Collect$$libinit$$00000000          0x0000049c   Section        2  libinit.o(.ARM.Collect$$libinit$$00000000)
    .ARM.Collect$$libinit$$00000002          0x0000049e   Section        0  libinit2.o(.ARM.Collect$$libinit$$00000002)
    .ARM.Collect$$libinit$$00000004          0x0000049e   Section        0  libinit2.o(.ARM.Collect$$libinit$$00000004)
    .ARM.Collect$$libinit$$0000000A          0x0000049e   Section        0  libinit2.o(.ARM.Collect$$libinit$$0000000A)
    .ARM.Collect$$libinit$$0000000C          0x0000049e   Section        0  libinit2.o(.ARM.Collect$$libinit$$0000000C)
    .ARM.Collect$$libinit$$0000000E          0x0000049e   Section        0  libinit2.o(.ARM.Collect$$libinit$$0000000E)
    .ARM.Collect$$libinit$$00000011          0x0000049e   Section        0  libinit2.o(.ARM.Collect$$libinit$$00000011)
    .ARM.Collect$$libinit$$00000013          0x0000049e   Section        0  libinit2.o(.ARM.Collect$$libinit$$00000013)
    .ARM.Collect$$libinit$$00000015          0x0000049e   Section        0  libinit2.o(.ARM.Collect$$libinit$$00000015)
    .ARM.Collect$$libinit$$00000017          0x0000049e   Section        0  libinit2.o(.ARM.Collect$$libinit$$00000017)
    .ARM.Collect$$libinit$$00000019          0x0000049e   Section        0  libinit2.o(.ARM.Collect$$libinit$$00000019)
    .ARM.Collect$$libinit$$0000001B          0x0000049e   Section        0  libinit2.o(.ARM.Collect$$libinit$$0000001B)
    .ARM.Collect$$libinit$$0000001D          0x0000049e   Section        0  libinit2.o(.ARM.Collect$$libinit$$0000001D)
    .ARM.Collect$$libinit$$0000001F          0x0000049e   Section        0  libinit2.o(.ARM.Collect$$libinit$$0000001F)
    .ARM.Collect$$libinit$$00000021          0x0000049e   Section        0  libinit2.o(.ARM.Collect$$libinit$$00000021)
    .ARM.Collect$$libinit$$00000023          0x0000049e   Section        0  libinit2.o(.ARM.Collect$$libinit$$00000023)
    .ARM.Collect$$libinit$$00000025          0x0000049e   Section        0  libinit2.o(.ARM.Collect$$libinit$$00000025)
    .ARM.Collect$$libinit$$0000002C          0x0000049e   Section        0  libinit2.o(.ARM.Collect$$libinit$$0000002C)
    .ARM.Collect$$libinit$$0000002E          0x0000049e   Section        0  libinit2.o(.ARM.Collect$$libinit$$0000002E)
    .ARM.Collect$$libinit$$00000030          0x0000049e   Section        0  libinit2.o(.ARM.Collect$$libinit$$00000030)
    .ARM.Collect$$libinit$$00000032          0x0000049e   Section        0  libinit2.o(.ARM.Collect$$libinit$$00000032)
    .ARM.Collect$$libinit$$00000033          0x0000049e   Section        2  libinit2.o(.ARM.Collect$$libinit$$00000033)
    .ARM.Collect$$libshutdown$$00000000      0x000004a0   Section        2  libshutdown.o(.ARM.Collect$$libshutdown$$00000000)
    .ARM.Collect$$libshutdown$$00000002      0x000004a2   Section        0  libshutdown2.o(.ARM.Collect$$libshutdown$$00000002)
    .ARM.Collect$$libshutdown$$00000004      0x000004a2   Section        0  libshutdown2.o(.ARM.Collect$$libshutdown$$00000004)
    .ARM.Collect$$libshutdown$$00000006      0x000004a2   Section        0  libshutdown2.o(.ARM.Collect$$libshutdown$$00000006)
    .ARM.Collect$$libshutdown$$00000009      0x000004a2   Section        0  libshutdown2.o(.ARM.Collect$$libshutdown$$00000009)
    .ARM.Collect$$libshutdown$$0000000C      0x000004a2   Section        0  libshutdown2.o(.ARM.Collect$$libshutdown$$0000000C)
    .ARM.Collect$$libshutdown$$0000000E      0x000004a2   Section        0  libshutdown2.o(.ARM.Collect$$libshutdown$$0000000E)
    .ARM.Collect$$libshutdown$$00000011      0x000004a2   Section        0  libshutdown2.o(.ARM.Collect$$libshutdown$$00000011)
    .ARM.Collect$$libshutdown$$00000012      0x000004a2   Section        2  libshutdown2.o(.ARM.Collect$$libshutdown$$00000012)
    .ARM.Collect$$rtentry$$00000000          0x000004a4   Section        0  __rtentry.o(.ARM.Collect$$rtentry$$00000000)
    .ARM.Collect$$rtentry$$00000002          0x000004a4   Section        0  __rtentry2.o(.ARM.Collect$$rtentry$$00000002)
    .ARM.Collect$$rtentry$$00000007          0x000004a4   Section        4  __rtentry7.o(.ARM.Collect$$rtentry$$00000007)
    .ARM.Collect$$rtentry$$00000009          0x000004a8   Section        0  __rtentry2.o(.ARM.Collect$$rtentry$$00000009)
    .ARM.Collect$$rtentry$$0000000A          0x000004a8   Section        4  __rtentry2.o(.ARM.Collect$$rtentry$$0000000A)
    .ARM.Collect$$rtentry$$0000000C          0x000004ac   Section        0  __rtentry2.o(.ARM.Collect$$rtentry$$0000000C)
    .ARM.Collect$$rtentry$$0000000D          0x000004ac   Section        8  __rtentry2.o(.ARM.Collect$$rtentry$$0000000D)
    .ARM.Collect$$rtentry$$00002718          0x000004b4   Section        4  __rtentry7.o(.ARM.Collect$$rtentry$$00002718)
    __lit__00000000                          0x000004b4   Data           4  __rtentry7.o(.ARM.Collect$$rtentry$$00002718)
    .ARM.Collect$$rtexit$$00000000           0x000004b8   Section        2  rtexit.o(.ARM.Collect$$rtexit$$00000000)
    .ARM.Collect$$rtexit$$00000002           0x000004ba   Section        0  rtexit2.o(.ARM.Collect$$rtexit$$00000002)
    .ARM.Collect$$rtexit$$00000003           0x000004ba   Section        4  rtexit2.o(.ARM.Collect$$rtexit$$00000003)
    .ARM.Collect$$rtexit$$00000004           0x000004be   Section        6  rtexit2.o(.ARM.Collect$$rtexit$$00000004)
    .emb_text                                0x000004c4   Section       56  rt_memcpy.o(.emb_text)
    .text                                    0x000004fc   Section      156  startup_mkl46z4.o(.text)
    .text                                    0x00000598   Section        0  noretval__2sprintf.o(.text)
    .text                                    0x000005c0   Section        0  _printf_dec.o(.text)
    .text                                    0x0000062c   Section        0  __printf_wp.o(.text)
    .text                                    0x0000073a   Section        0  rt_memcpy.o(.text)
    .text                                    0x000007bc   Section      346  aeabi_sdiv.o(.text)
    .text                                    0x00000918   Section        0  d2f.o(.text)
    .text                                    0x00000994   Section        0  daddsub.o(.text)
    _dadd1                                   0x00000995   Thumb Code   290  daddsub.o(.text)
    _dsub1                                   0x00000ab7   Thumb Code   470  daddsub.o(.text)
    .text                                    0x00000cec   Section        0  ddiv.o(.text)
    .text                                    0x00001134   Section        0  dmul.o(.text)
    .text                                    0x0000137c   Section        0  f2d.o(.text)
    .text                                    0x000013d0   Section        0  ffixi.o(.text)
    .text                                    0x0000141c   Section        0  fflti.o(.text)
    .text                                    0x0000147a   Section        0  _rserrno.o(.text)
    .text                                    0x00001490   Section        0  _printf_intcommon.o(.text)
    .text                                    0x00001540   Section        0  _printf_char_common.o(.text)
    _printf_input_char                       0x00001541   Thumb Code    10  _printf_char_common.o(.text)
    .text                                    0x00001570   Section        0  _sputc.o(.text)
    .text                                    0x0000157a   Section        0  rtudiv10.o(.text)
    .text                                    0x000015a4   Section        0  fcmpin.o(.text)
    .text                                    0x00001608   Section        8  rt_errno_addr_intlibspace.o(.text)
    .text                                    0x00001610   Section        0  cmpret.o(.text)
    .text                                    0x00001640   Section        0  dcmpin.o(.text)
    .text                                    0x000016d0   Section        0  dscalbn.o(.text)
    .text                                    0x00001730   Section        0  fnan2.o(.text)
    .text                                    0x00001740   Section        0  exit.o(.text)
    .text                                    0x00001750   Section        0  dnan2.o(.text)
    .text                                    0x00001764   Section        0  retnan.o(.text)
    .text                                    0x000017c4   Section        0  sys_exit.o(.text)
    .text                                    0x000017d0   Section        2  use_no_semi.o(.text)
    .text                                    0x000017d2   Section        0  indicate_semi.o(.text)
    i.Delay                                  0x000017d4   Section        0  delay.o(i.Delay)
    i.I2C_init                               0x000017ec   Section        0  i2c.o(i.I2C_init)
    i.I2C_read                               0x00001854   Section        0  i2c.o(i.I2C_read)
    i.I2C_write                              0x00001930   Section        0  i2c.o(i.I2C_write)
    i.Init_Systick                           0x000019b0   Section        0  delay.o(i.Init_Systick)
    i.PORTC_PORTD_IRQHandler                 0x000019e4   Section        0  switch.o(i.PORTC_PORTD_IRQHandler)
    i.SysTick_Handler                        0x00001a60   Section        0  delay.o(i.SysTick_Handler)
    i.SystemInit                             0x00001b10   Section        0  system_mkl46z4.o(i.SystemInit)
    i.SystemInitHook                         0x00001b24   Section        0  system_mkl46z4.o(i.SystemInitHook)
    i.UART_Init                              0x00001b28   Section        0  uart.o(i.UART_Init)
    i.UART_SendChar                          0x00001c04   Section        0  uart.o(i.UART_SendChar)
    i.UART_SendString                        0x00001c1c   Section        0  uart.o(i.UART_SendString)
    i.__ARM_fpclassify                       0x00001c34   Section        0  fpclassify.o(i.__ARM_fpclassify)
    i.__NVIC_SetPriority                     0x00001c60   Section        0  delay.o(i.__NVIC_SetPriority)
    __NVIC_SetPriority                       0x00001c61   Thumb Code   110  delay.o(i.__NVIC_SetPriority)
    i.__NVIC_SetPriority                     0x00001cd8   Section        0  switch.o(i.__NVIC_SetPriority)
    __NVIC_SetPriority                       0x00001cd9   Thumb Code   110  switch.o(i.__NVIC_SetPriority)
    i.__kernel_poly                          0x00001d50   Section        0  poly.o(i.__kernel_poly)
    i.__mathlib_dbl_infnan                   0x00001dfc   Section        0  dunder.o(i.__mathlib_dbl_infnan)
    i.__mathlib_dbl_infnan2                  0x00001e06   Section        0  dunder.o(i.__mathlib_dbl_infnan2)
    i.__mathlib_dbl_underflow                0x00001e10   Section        0  dunder.o(i.__mathlib_dbl_underflow)
    i._is_digit                              0x00001e24   Section        0  __printf_wp.o(i._is_digit)
    i.atan                                   0x00001e34   Section        0  atan.o(i.atan)
    i.atan2                                  0x00002050   Section        0  atan2.o(i.atan2)
    i.calibx                                 0x000021ec   Section        0  main.o(i.calibx)
    i.caliby                                 0x0000227c   Section        0  main.o(i.caliby)
    i.char_Lcd                               0x0000230c   Section        0  lcd.o(i.char_Lcd)
    i.lcd_Init                               0x0000237c   Section        0  lcd.o(i.lcd_Init)
    i.led_Init                               0x00002508   Section        0  led.o(i.led_Init)
    i.mag_Init                               0x00002588   Section        0  mag.o(i.mag_Init)
    i.mag_read                               0x0000259a   Section        0  mag.o(i.mag_read)
    i.main                                   0x00002630   Section        0  main.o(i.main)
    i.string_Lcd                             0x0000272c   Section        0  lcd.o(i.string_Lcd)
    i.switch_Init                            0x0000275c   Section        0  switch.o(i.switch_Init)
    x$fpl$deqf                               0x00002814   Section      100  deqf.o(x$fpl$deqf)
    x$fpl$fadd                               0x00002878   Section      140  faddsub.o(x$fpl$fadd)
    _fadd1                                   0x00002885   Thumb Code     0  faddsub.o(x$fpl$fadd)
    x$fpl$fleqf                              0x00002904   Section       84  flef.o(x$fpl$fleqf)
    x$fpl$frleqf                             0x00002958   Section       88  frlef.o(x$fpl$frleqf)
    x$fpl$fsub                               0x000029b0   Section      208  faddsub.o(x$fpl$fsub)
    _fsub1                                   0x000029bd   Thumb Code     0  faddsub.o(x$fpl$fsub)
    .constdata                               0x00002a80   Section      128  ddiv.o(.constdata)
    x$fpl$usenofp                            0x00002a80   Section        0  usenofp.o(x$fpl$usenofp)
    ddiv_reciptbl                            0x00002a80   Data         128  ddiv.o(.constdata)
    .constdata                               0x00002b00   Section      152  atan.o(.constdata)
    atanhi                                   0x00002b00   Data          32  atan.o(.constdata)
    atanlo                                   0x00002b20   Data          32  atan.o(.constdata)
    aTodd                                    0x00002b40   Data          40  atan.o(.constdata)
    aTeven                                   0x00002b68   Data          48  atan.o(.constdata)
    .constdata                               0x00002b98   Section        8  qnan.o(.constdata)
    .data                                    0x1fffe000   Section       12  delay.o(.data)
    .data                                    0x1fffe00c   Section        1  main.o(.data)
    .data                                    0x1fffe010   Section       52  lcd.o(.data)
    .data                                    0x1fffe044   Section        4  system_mkl46z4.o(.data)
    .bss                                     0x1fffe048   Section       96  libspace.o(.bss)

    Global Symbols

    Symbol Name                              Value     Ov Type        Size  Object(Section)

    BuildAttributes$$THM_ISAv3M$S$PE$A:L22$X:L11$S22$IEEE1$IW$USESV6$~STKCKD$USESV7$~SHL$OTIME$ROPI$IEEEX$EBA8$UX$STANDARDLIB$REQ8$PRES8$EABIv2 0x00000000   Number         0  anon$$obj.o ABSOLUTE
    __ARM_use_no_argv                        0x00000000   Number         0  main.o ABSOLUTE
    __Vectors                                0x00000000   Data           4  startup_mkl46z4.o(RESET)
    _printf_flags                            0x00000000   Number         0  printf_stubs.o ABSOLUTE
    _printf_return_value                     0x00000000   Number         0  printf_stubs.o ABSOLUTE
    _printf_sizespec                         0x00000000   Number         0  printf_stubs.o ABSOLUTE
    _printf_widthprec                        0x00000000   Number         0  printf_stubs.o ABSOLUTE
    Image$$ZI$$Limit                          - Undefined Weak Reference
    __ARM_exceptions_init                     - Undefined Weak Reference
    __alloca_initialize                       - Undefined Weak Reference
    __arm_fini_                               - Undefined Weak Reference
    __arm_preinit_                            - Undefined Weak Reference
    __cpp_initialize__aeabi_                  - Undefined Weak Reference
    __cxa_finalize                            - Undefined Weak Reference
    __sigvec_lookup                           - Undefined Weak Reference
    _atexit_init                              - Undefined Weak Reference
    _call_atexit_fns                          - Undefined Weak Reference
    _clock_init                               - Undefined Weak Reference
    _fp_trap_init                             - Undefined Weak Reference
    _fp_trap_shutdown                         - Undefined Weak Reference
    _get_lc_collate                           - Undefined Weak Reference
    _get_lc_ctype                             - Undefined Weak Reference
    _get_lc_monetary                          - Undefined Weak Reference
    _get_lc_time                              - Undefined Weak Reference
    _getenv_init                              - Undefined Weak Reference
    _handle_redirection                       - Undefined Weak Reference
    _init_alloc                               - Undefined Weak Reference
    _init_user_alloc                          - Undefined Weak Reference
    _initio                                   - Undefined Weak Reference
    _printf_post_padding                      - Undefined Weak Reference
    _printf_pre_padding                       - Undefined Weak Reference
    _printf_truncate_signed                   - Undefined Weak Reference
    _printf_truncate_unsigned                 - Undefined Weak Reference
    _rand_init                                - Undefined Weak Reference
    _signal_finish                            - Undefined Weak Reference
    _signal_init                              - Undefined Weak Reference
    _terminate_alloc                          - Undefined Weak Reference
    _terminate_user_alloc                     - Undefined Weak Reference
    _terminateio                              - Undefined Weak Reference
    __Vectors_End                            0x000000c0   Data           0  startup_mkl46z4.o(RESET)
    __Vectors_Size                           0x000000c0   Number         0  startup_mkl46z4.o ABSOLUTE
    __main                                   0x00000411   Thumb Code     8  __main.o(!!!main)
    __scatterload                            0x00000419   Thumb Code     0  __scatter.o(!!!scatter)
    __scatterload_rt2                        0x00000419   Thumb Code    52  __scatter.o(!!!scatter)
    __scatterload_rt2_thumb_only             0x00000419   Thumb Code     0  __scatter.o(!!!scatter)
    __scatterload_null                       0x00000429   Thumb Code     0  __scatter.o(!!!scatter)
    __scatterload_copy                       0x00000455   Thumb Code    26  __scatter_copy.o(!!handler_copy)
    __scatterload_zeroinit                   0x00000471   Thumb Code    28  __scatter_zi.o(!!handler_zi)
    _printf_percent                          0x0000048d   Thumb Code     0  _printf_percent.o(.ARM.Collect$$_printf_percent$$00000000)
    _printf_d                                0x0000048f   Thumb Code     0  _printf_d.o(.ARM.Collect$$_printf_percent$$00000009)
    _printf_percent_end                      0x00000499   Thumb Code     0  _printf_percent_end.o(.ARM.Collect$$_printf_percent$$00000017)
    __rt_lib_init                            0x0000049d   Thumb Code     0  libinit.o(.ARM.Collect$$libinit$$00000000)
    __rt_lib_init_alloca_1                   0x0000049f   Thumb Code     0  libinit2.o(.ARM.Collect$$libinit$$0000002E)
    __rt_lib_init_argv_1                     0x0000049f   Thumb Code     0  libinit2.o(.ARM.Collect$$libinit$$0000002C)
    __rt_lib_init_atexit_1                   0x0000049f   Thumb Code     0  libinit2.o(.ARM.Collect$$libinit$$0000001B)
    __rt_lib_init_clock_1                    0x0000049f   Thumb Code     0  libinit2.o(.ARM.Collect$$libinit$$00000021)
    __rt_lib_init_cpp_1                      0x0000049f   Thumb Code     0  libinit2.o(.ARM.Collect$$libinit$$00000032)
    __rt_lib_init_exceptions_1               0x0000049f   Thumb Code     0  libinit2.o(.ARM.Collect$$libinit$$00000030)
    __rt_lib_init_fp_1                       0x0000049f   Thumb Code     0  libinit2.o(.ARM.Collect$$libinit$$00000002)
    __rt_lib_init_fp_trap_1                  0x0000049f   Thumb Code     0  libinit2.o(.ARM.Collect$$libinit$$0000001F)
    __rt_lib_init_getenv_1                   0x0000049f   Thumb Code     0  libinit2.o(.ARM.Collect$$libinit$$00000023)
    __rt_lib_init_heap_1                     0x0000049f   Thumb Code     0  libinit2.o(.ARM.Collect$$libinit$$0000000A)
    __rt_lib_init_lc_collate_1               0x0000049f   Thumb Code     0  libinit2.o(.ARM.Collect$$libinit$$00000011)
    __rt_lib_init_lc_ctype_1                 0x0000049f   Thumb Code     0  libinit2.o(.ARM.Collect$$libinit$$00000013)
    __rt_lib_init_lc_monetary_1              0x0000049f   Thumb Code     0  libinit2.o(.ARM.Collect$$libinit$$00000015)
    __rt_lib_init_lc_numeric_1               0x0000049f   Thumb Code     0  libinit2.o(.ARM.Collect$$libinit$$00000017)
    __rt_lib_init_lc_time_1                  0x0000049f   Thumb Code     0  libinit2.o(.ARM.Collect$$libinit$$00000019)
    __rt_lib_init_preinit_1                  0x0000049f   Thumb Code     0  libinit2.o(.ARM.Collect$$libinit$$00000004)
    __rt_lib_init_rand_1                     0x0000049f   Thumb Code     0  libinit2.o(.ARM.Collect$$libinit$$0000000E)
    __rt_lib_init_return                     0x0000049f   Thumb Code     0  libinit2.o(.ARM.Collect$$libinit$$00000033)
    __rt_lib_init_signal_1                   0x0000049f   Thumb Code     0  libinit2.o(.ARM.Collect$$libinit$$0000001D)
    __rt_lib_init_stdio_1                    0x0000049f   Thumb Code     0  libinit2.o(.ARM.Collect$$libinit$$00000025)
    __rt_lib_init_user_alloc_1               0x0000049f   Thumb Code     0  libinit2.o(.ARM.Collect$$libinit$$0000000C)
    __rt_lib_shutdown                        0x000004a1   Thumb Code     0  libshutdown.o(.ARM.Collect$$libshutdown$$00000000)
    __rt_lib_shutdown_cpp_1                  0x000004a3   Thumb Code     0  libshutdown2.o(.ARM.Collect$$libshutdown$$00000004)
    __rt_lib_shutdown_fini_1                 0x000004a3   Thumb Code     0  libshutdown2.o(.ARM.Collect$$libshutdown$$00000002)
    __rt_lib_shutdown_fp_trap_1              0x000004a3   Thumb Code     0  libshutdown2.o(.ARM.Collect$$libshutdown$$00000009)
    __rt_lib_shutdown_heap_1                 0x000004a3   Thumb Code     0  libshutdown2.o(.ARM.Collect$$libshutdown$$00000011)
    __rt_lib_shutdown_return                 0x000004a3   Thumb Code     0  libshutdown2.o(.ARM.Collect$$libshutdown$$00000012)
    __rt_lib_shutdown_signal_1               0x000004a3   Thumb Code     0  libshutdown2.o(.ARM.Collect$$libshutdown$$0000000C)
    __rt_lib_shutdown_stdio_1                0x000004a3   Thumb Code     0  libshutdown2.o(.ARM.Collect$$libshutdown$$00000006)
    __rt_lib_shutdown_user_alloc_1           0x000004a3   Thumb Code     0  libshutdown2.o(.ARM.Collect$$libshutdown$$0000000E)
    __rt_entry                               0x000004a5   Thumb Code     0  __rtentry.o(.ARM.Collect$$rtentry$$00000000)
    __rt_entry_presh_1                       0x000004a5   Thumb Code     0  __rtentry2.o(.ARM.Collect$$rtentry$$00000002)
    __rt_entry_sh                            0x000004a5   Thumb Code     0  __rtentry7.o(.ARM.Collect$$rtentry$$00000007)
    __rt_entry_li                            0x000004a9   Thumb Code     0  __rtentry2.o(.ARM.Collect$$rtentry$$0000000A)
    __rt_entry_postsh_1                      0x000004a9   Thumb Code     0  __rtentry2.o(.ARM.Collect$$rtentry$$00000009)
    __rt_entry_main                          0x000004ad   Thumb Code     0  __rtentry2.o(.ARM.Collect$$rtentry$$0000000D)
    __rt_entry_postli_1                      0x000004ad   Thumb Code     0  __rtentry2.o(.ARM.Collect$$rtentry$$0000000C)
    __rt_exit                                0x000004b9   Thumb Code     0  rtexit.o(.ARM.Collect$$rtexit$$00000000)
    __rt_exit_ls                             0x000004bb   Thumb Code     0  rtexit2.o(.ARM.Collect$$rtexit$$00000003)
    __rt_exit_prels_1                        0x000004bb   Thumb Code     0  rtexit2.o(.ARM.Collect$$rtexit$$00000002)
    __rt_exit_exit                           0x000004bf   Thumb Code     0  rtexit2.o(.ARM.Collect$$rtexit$$00000004)
    __aeabi_memcpy4                          0x000004c5   Thumb Code    56  rt_memcpy.o(.emb_text)
    __aeabi_memcpy8                          0x000004c5   Thumb Code     0  rt_memcpy.o(.emb_text)
    Reset_Handler                            0x000004fd   Thumb Code    24  startup_mkl46z4.o(.text)
    NMI_Handler                              0x00000515   Thumb Code     2  startup_mkl46z4.o(.text)
    HardFault_Handler                        0x00000517   Thumb Code     2  startup_mkl46z4.o(.text)
    SVC_Handler                              0x00000519   Thumb Code     2  startup_mkl46z4.o(.text)
    PendSV_Handler                           0x0000051b   Thumb Code     2  startup_mkl46z4.o(.text)
    DMA0_IRQHandler                          0x0000051f   Thumb Code     4  startup_mkl46z4.o(.text)
    DMA1_IRQHandler                          0x00000523   Thumb Code     4  startup_mkl46z4.o(.text)
    DMA2_IRQHandler                          0x00000527   Thumb Code     4  startup_mkl46z4.o(.text)
    DMA3_IRQHandler                          0x0000052b   Thumb Code     4  startup_mkl46z4.o(.text)
    I2C0_IRQHandler                          0x0000052f   Thumb Code     4  startup_mkl46z4.o(.text)
    I2C1_IRQHandler                          0x00000533   Thumb Code     4  startup_mkl46z4.o(.text)
    SPI0_IRQHandler                          0x00000537   Thumb Code     4  startup_mkl46z4.o(.text)
    SPI1_IRQHandler                          0x0000053b   Thumb Code     4  startup_mkl46z4.o(.text)
    UART0_IRQHandler                         0x0000053f   Thumb Code     4  startup_mkl46z4.o(.text)
    UART1_IRQHandler                         0x00000543   Thumb Code     4  startup_mkl46z4.o(.text)
    UART2_IRQHandler                         0x00000547   Thumb Code     4  startup_mkl46z4.o(.text)
    I2S0_IRQHandler                          0x0000054b   Thumb Code     4  startup_mkl46z4.o(.text)
    ADC0_IRQHandler                          0x0000054f   Thumb Code     0  startup_mkl46z4.o(.text)
    CMP0_IRQHandler                          0x0000054f   Thumb Code     0  startup_mkl46z4.o(.text)
    DAC0_IRQHandler                          0x0000054f   Thumb Code     0  startup_mkl46z4.o(.text)
    DMA0_DriverIRQHandler                    0x0000054f   Thumb Code     0  startup_mkl46z4.o(.text)
    DMA1_DriverIRQHandler                    0x0000054f   Thumb Code     0  startup_mkl46z4.o(.text)
    DMA2_DriverIRQHandler                    0x0000054f   Thumb Code     0  startup_mkl46z4.o(.text)
    DMA3_DriverIRQHandler                    0x0000054f   Thumb Code     0  startup_mkl46z4.o(.text)
    DefaultISR                               0x0000054f   Thumb Code     0  startup_mkl46z4.o(.text)
    FTFA_IRQHandler                          0x0000054f   Thumb Code     0  startup_mkl46z4.o(.text)
    I2C0_DriverIRQHandler                    0x0000054f   Thumb Code     0  startup_mkl46z4.o(.text)
    I2C1_DriverIRQHandler                    0x0000054f   Thumb Code     0  startup_mkl46z4.o(.text)
    I2S0_DriverIRQHandler                    0x0000054f   Thumb Code     0  startup_mkl46z4.o(.text)
    LCD_IRQHandler                           0x0000054f   Thumb Code     0  startup_mkl46z4.o(.text)
    LLWU_IRQHandler                          0x0000054f   Thumb Code     0  startup_mkl46z4.o(.text)
    LPTMR0_IRQHandler                        0x0000054f   Thumb Code     0  startup_mkl46z4.o(.text)
    LVD_LVW_IRQHandler                       0x0000054f   Thumb Code     0  startup_mkl46z4.o(.text)
    MCG_IRQHandler                           0x0000054f   Thumb Code     0  startup_mkl46z4.o(.text)
    PIT_IRQHandler                           0x0000054f   Thumb Code     0  startup_mkl46z4.o(.text)
    PORTA_IRQHandler                         0x0000054f   Thumb Code     0  startup_mkl46z4.o(.text)
    RTC_IRQHandler                           0x0000054f   Thumb Code     0  startup_mkl46z4.o(.text)
    RTC_Seconds_IRQHandler                   0x0000054f   Thumb Code     0  startup_mkl46z4.o(.text)
    Reserved20_IRQHandler                    0x0000054f   Thumb Code     0  startup_mkl46z4.o(.text)
    SPI0_DriverIRQHandler                    0x0000054f   Thumb Code     0  startup_mkl46z4.o(.text)
    SPI1_DriverIRQHandler                    0x0000054f   Thumb Code     0  startup_mkl46z4.o(.text)
    TPM0_IRQHandler                          0x0000054f   Thumb Code     0  startup_mkl46z4.o(.text)
    TPM1_IRQHandler                          0x0000054f   Thumb Code     0  startup_mkl46z4.o(.text)
    TPM2_IRQHandler                          0x0000054f   Thumb Code     0  startup_mkl46z4.o(.text)
    TSI0_IRQHandler                          0x0000054f   Thumb Code     0  startup_mkl46z4.o(.text)
    UART0_DriverIRQHandler                   0x0000054f   Thumb Code     0  startup_mkl46z4.o(.text)
    UART1_DriverIRQHandler                   0x0000054f   Thumb Code     0  startup_mkl46z4.o(.text)
    UART2_DriverIRQHandler                   0x0000054f   Thumb Code     0  startup_mkl46z4.o(.text)
    USB0_IRQHandler                          0x0000054f   Thumb Code     0  startup_mkl46z4.o(.text)
    __2sprintf                               0x00000599   Thumb Code    36  noretval__2sprintf.o(.text)
    _printf_int_dec                          0x000005c1   Thumb Code    90  _printf_dec.o(.text)
    __printf                                 0x0000062d   Thumb Code   270  __printf_wp.o(.text)
    __aeabi_memcpy                           0x0000073b   Thumb Code   130  rt_memcpy.o(.text)
    __rt_memcpy                              0x0000073b   Thumb Code     0  rt_memcpy.o(.text)
    __aeabi_uidiv                            0x000007bd   Thumb Code     0  aeabi_sdiv.o(.text)
    __aeabi_uidivmod                         0x000007bd   Thumb Code    20  aeabi_sdiv.o(.text)
    __aeabi_idiv                             0x000007d1   Thumb Code     0  aeabi_sdiv.o(.text)
    __aeabi_idivmod                          0x000007d1   Thumb Code   326  aeabi_sdiv.o(.text)
    __aeabi_d2f                              0x00000919   Thumb Code     0  d2f.o(.text)
    _d2f                                     0x00000919   Thumb Code   120  d2f.o(.text)
    __aeabi_dadd                             0x00000c8d   Thumb Code     0  daddsub.o(.text)
    _dadd                                    0x00000c8d   Thumb Code    26  daddsub.o(.text)
    __aeabi_dsub                             0x00000ca7   Thumb Code     0  daddsub.o(.text)
    _dsub                                    0x00000ca7   Thumb Code    22  daddsub.o(.text)
    __aeabi_drsub                            0x00000cbd   Thumb Code     0  daddsub.o(.text)
    _drsb                                    0x00000cbd   Thumb Code    28  daddsub.o(.text)
    __aeabi_ddiv                             0x00000ced   Thumb Code     0  ddiv.o(.text)
    _ddiv                                    0x00000ced   Thumb Code  1072  ddiv.o(.text)
    _drdiv                                   0x0000111d   Thumb Code    20  ddiv.o(.text)
    __aeabi_dmul                             0x00001135   Thumb Code     0  dmul.o(.text)
    _dmul                                    0x00001135   Thumb Code   558  dmul.o(.text)
    __aeabi_f2d                              0x0000137d   Thumb Code     0  f2d.o(.text)
    _f2d                                     0x0000137d   Thumb Code    80  f2d.o(.text)
    __aeabi_f2iz                             0x000013d1   Thumb Code     0  ffixi.o(.text)
    _ffix                                    0x000013d1   Thumb Code    76  ffixi.o(.text)
    __aeabi_i2f_normalise                    0x0000141d   Thumb Code    72  fflti.o(.text)
    __aeabi_i2f                              0x00001465   Thumb Code    16  fflti.o(.text)
    _fflt                                    0x00001465   Thumb Code     0  fflti.o(.text)
    __aeabi_ui2f                             0x00001475   Thumb Code     6  fflti.o(.text)
    _ffltu                                   0x00001475   Thumb Code     0  fflti.o(.text)
    __read_errno                             0x0000147b   Thumb Code    10  _rserrno.o(.text)
    __set_errno                              0x00001485   Thumb Code    12  _rserrno.o(.text)
    _printf_int_common                       0x00001491   Thumb Code   176  _printf_intcommon.o(.text)
    _printf_char_common                      0x0000154b   Thumb Code    32  _printf_char_common.o(.text)
    _sputc                                   0x00001571   Thumb Code    10  _sputc.o(.text)
    __rt_udiv10                              0x0000157b   Thumb Code    40  rtudiv10.o(.text)
    __fpl_fcmp_InfNaN                        0x000015a5   Thumb Code    96  fcmpin.o(.text)
    __aeabi_errno_addr                       0x00001609   Thumb Code     8  rt_errno_addr_intlibspace.o(.text)
    __errno$intlibspace                      0x00001609   Thumb Code     0  rt_errno_addr_intlibspace.o(.text)
    __rt_errno_addr$intlibspace              0x00001609   Thumb Code     0  rt_errno_addr_intlibspace.o(.text)
    __fpl_cmpreturn                          0x00001611   Thumb Code    46  cmpret.o(.text)
    __fpl_dcmp_InfNaN                        0x00001641   Thumb Code   140  dcmpin.o(.text)
    __ARM_scalbn                             0x000016d1   Thumb Code    84  dscalbn.o(.text)
    __fpl_fcheck_NaN2                        0x00001731   Thumb Code    10  fnan2.o(.text)
    exit                                     0x00001741   Thumb Code    16  exit.o(.text)
    __fpl_dcheck_NaN2                        0x00001751   Thumb Code    14  dnan2.o(.text)
    __fpl_return_NaN                         0x00001765   Thumb Code    94  retnan.o(.text)
    _sys_exit                                0x000017c5   Thumb Code     8  sys_exit.o(.text)
    __I$use$semihosting                      0x000017d1   Thumb Code     0  use_no_semi.o(.text)
    __use_no_semihosting_swi                 0x000017d1   Thumb Code     2  use_no_semi.o(.text)
    __semihosting_library_function           0x000017d3   Thumb Code     0  indicate_semi.o(.text)
    Delay                                    0x000017d5   Thumb Code    18  delay.o(i.Delay)
    I2C_init                                 0x000017ed   Thumb Code    92  i2c.o(i.I2C_init)
    I2C_read                                 0x00001855   Thumb Code   216  i2c.o(i.I2C_read)
    I2C_write                                0x00001931   Thumb Code   122  i2c.o(i.I2C_write)
    Init_Systick                             0x000019b1   Thumb Code    42  delay.o(i.Init_Systick)
    PORTC_PORTD_IRQHandler                   0x000019e5   Thumb Code   102  switch.o(i.PORTC_PORTD_IRQHandler)
    SysTick_Handler                          0x00001a61   Thumb Code   154  delay.o(i.SysTick_Handler)
    SystemInit                               0x00001b11   Thumb Code    14  system_mkl46z4.o(i.SystemInit)
    SystemInitHook                           0x00001b25   Thumb Code     2  system_mkl46z4.o(i.SystemInitHook)
    UART_Init                                0x00001b29   Thumb Code   202  uart.o(i.UART_Init)
    UART_SendChar                            0x00001c05   Thumb Code    20  uart.o(i.UART_SendChar)
    UART_SendString                          0x00001c1d   Thumb Code    22  uart.o(i.UART_SendString)
    __ARM_fpclassify                         0x00001c35   Thumb Code    40  fpclassify.o(i.__ARM_fpclassify)
    __kernel_poly                            0x00001d51   Thumb Code   172  poly.o(i.__kernel_poly)
    __mathlib_dbl_infnan                     0x00001dfd   Thumb Code    10  dunder.o(i.__mathlib_dbl_infnan)
    __mathlib_dbl_infnan2                    0x00001e07   Thumb Code     8  dunder.o(i.__mathlib_dbl_infnan2)
    __mathlib_dbl_underflow                  0x00001e11   Thumb Code    14  dunder.o(i.__mathlib_dbl_underflow)
    _is_digit                                0x00001e25   Thumb Code    14  __printf_wp.o(i._is_digit)
    atan                                     0x00001e35   Thumb Code   472  atan.o(i.atan)
    atan2                                    0x00002051   Thumb Code   372  atan2.o(i.atan2)
    calibx                                   0x000021ed   Thumb Code   136  main.o(i.calibx)
    caliby                                   0x0000227d   Thumb Code   136  main.o(i.caliby)
    char_Lcd                                 0x0000230d   Thumb Code    98  lcd.o(i.char_Lcd)
    lcd_Init                                 0x0000237d   Thumb Code   384  lcd.o(i.lcd_Init)
    led_Init                                 0x00002509   Thumb Code   112  led.o(i.led_Init)
    mag_Init                                 0x00002589   Thumb Code    18  mag.o(i.mag_Init)
    mag_read                                 0x0000259b   Thumb Code   148  mag.o(i.mag_read)
    main                                     0x00002631   Thumb Code   224  main.o(i.main)
    string_Lcd                               0x0000272d   Thumb Code    48  lcd.o(i.string_Lcd)
    switch_Init                              0x0000275d   Thumb Code   162  switch.o(i.switch_Init)
    __aeabi_cdcmpeq                          0x00002815   Thumb Code     0  deqf.o(x$fpl$deqf)
    _dcmpeq                                  0x00002815   Thumb Code    94  deqf.o(x$fpl$deqf)
    __aeabi_fadd                             0x00002879   Thumb Code     0  faddsub.o(x$fpl$fadd)
    _fadd                                    0x00002879   Thumb Code   134  faddsub.o(x$fpl$fadd)
    __aeabi_cfcmple                          0x00002905   Thumb Code     0  flef.o(x$fpl$fleqf)
    _fcmple                                  0x00002905   Thumb Code    78  flef.o(x$fpl$fleqf)
    __aeabi_cfrcmple                         0x00002959   Thumb Code     0  frlef.o(x$fpl$frleqf)
    _frcmple                                 0x00002959   Thumb Code    84  frlef.o(x$fpl$frleqf)
    __aeabi_fsub                             0x000029b1   Thumb Code     0  faddsub.o(x$fpl$fsub)
    _fsub                                    0x000029b1   Thumb Code   204  faddsub.o(x$fpl$fsub)
    __I$use$fp                               0x00002a80   Number         0  usenofp.o(x$fpl$usenofp)
    __mathlib_zero                           0x00002b98   Data           8  qnan.o(.constdata)
    Region$$Table$$Base                      0x00002ba0   Number         0  anon$$obj.o(Region$$Table)
    Region$$Table$$Limit                     0x00002bc0   Number         0  anon$$obj.o(Region$$Table)
    msTicks                                  0x1fffe000   Data           4  delay.o(.data)
    green                                    0x1fffe004   Data           4  delay.o(.data)
    red                                      0x1fffe008   Data           4  delay.o(.data)
    operation                                0x1fffe00c   Data           1  main.o(.data)
    char_to_waveform                         0x1fffe010   Data          20  lcd.o(.data)
    pin                                      0x1fffe024   Data          32  lcd.o(.data)
    SystemCoreClock                          0x1fffe044   Data           4  system_mkl46z4.o(.data)
    __libspace_start                         0x1fffe048   Data          96  libspace.o(.bss)
    Image$$ARM_LIB_HEAP$$ZI$$Base            0x1fffe0a8   Number         0  anon$$obj.o ABSOLUTE
    __temporary_stack_top$libspace           0x1fffe0a8   Data           0  libspace.o(.bss)
    Image$$ARM_LIB_HEAP$$ZI$$Limit           0x1fffe4a8   Number         0  anon$$obj.o ABSOLUTE
    Image$$ARM_LIB_STACK$$ZI$$Limit          0x20006000   Number         0  anon$$obj.o ABSOLUTE



==============================================================================

Memory Map of the image

  Image Entry point : 0x000004fd

  Load Region LR_m_text (Base: 0x00000000, Size: 0x00002c08, Max: 0x00040000, ABSOLUTE)

    Execution Region VECTOR_ROM (Exec base: 0x00000000, Load base: 0x00000000, Size: 0x000000c0, Max: 0x00000200, ABSOLUTE)

    Exec Addr    Load Addr    Size         Type   Attr      Idx    E Section Name        Object

    0x00000000   0x00000000   0x000000c0   Data   RO          349    RESET               startup_mkl46z4.o


    Execution Region ER_m_flash_config (Exec base: 0x00000400, Load base: 0x00000400, Size: 0x00000010, Max: 0x00000010, ABSOLUTE, FIXED)

    Exec Addr    Load Addr    Size         Type   Attr      Idx    E Section Name        Object

    0x00000400   0x00000400   0x00000010   Data   RO          350    FlashConfig         startup_mkl46z4.o


    Execution Region ER_m_text (Exec base: 0x00000410, Load base: 0x00000410, Size: 0x000027b0, Max: 0x0003fbf0, ABSOLUTE)

    Exec Addr    Load Addr    Size         Type   Attr      Idx    E Section Name        Object

    0x00000410   0x00000410   0x00000008   Code   RO          449  * !!!main             c_p.l(__main.o)
    0x00000418   0x00000418   0x0000003c   Code   RO          755    !!!scatter          c_p.l(__scatter.o)
    0x00000454   0x00000454   0x0000001a   Code   RO          757    !!handler_copy      c_p.l(__scatter_copy.o)
    0x0000046e   0x0000046e   0x00000002   PAD
    0x00000470   0x00000470   0x0000001c   Code   RO          759    !!handler_zi        c_p.l(__scatter_zi.o)
    0x0000048c   0x0000048c   0x00000002   Code   RO          440    .ARM.Collect$$_printf_percent$$00000000  c_p.l(_printf_percent.o)
    0x0000048e   0x0000048e   0x0000000a   Code   RO          437    .ARM.Collect$$_printf_percent$$00000009  c_p.l(_printf_d.o)
    0x00000498   0x00000498   0x00000004   Code   RO          501    .ARM.Collect$$_printf_percent$$00000017  c_p.l(_printf_percent_end.o)
    0x0000049c   0x0000049c   0x00000002   Code   RO          615    .ARM.Collect$$libinit$$00000000  c_p.l(libinit.o)
    0x0000049e   0x0000049e   0x00000000   Code   RO          617    .ARM.Collect$$libinit$$00000002  c_p.l(libinit2.o)
    0x0000049e   0x0000049e   0x00000000   Code   RO          619    .ARM.Collect$$libinit$$00000004  c_p.l(libinit2.o)
    0x0000049e   0x0000049e   0x00000000   Code   RO          622    .ARM.Collect$$libinit$$0000000A  c_p.l(libinit2.o)
    0x0000049e   0x0000049e   0x00000000   Code   RO          624    .ARM.Collect$$libinit$$0000000C  c_p.l(libinit2.o)
    0x0000049e   0x0000049e   0x00000000   Code   RO          626    .ARM.Collect$$libinit$$0000000E  c_p.l(libinit2.o)
    0x0000049e   0x0000049e   0x00000000   Code   RO          629    .ARM.Collect$$libinit$$00000011  c_p.l(libinit2.o)
    0x0000049e   0x0000049e   0x00000000   Code   RO          631    .ARM.Collect$$libinit$$00000013  c_p.l(libinit2.o)
    0x0000049e   0x0000049e   0x00000000   Code   RO          633    .ARM.Collect$$libinit$$00000015  c_p.l(libinit2.o)
    0x0000049e   0x0000049e   0x00000000   Code   RO          635    .ARM.Collect$$libinit$$00000017  c_p.l(libinit2.o)
    0x0000049e   0x0000049e   0x00000000   Code   RO          637    .ARM.Collect$$libinit$$00000019  c_p.l(libinit2.o)
    0x0000049e   0x0000049e   0x00000000   Code   RO          639    .ARM.Collect$$libinit$$0000001B  c_p.l(libinit2.o)
    0x0000049e   0x0000049e   0x00000000   Code   RO          641    .ARM.Collect$$libinit$$0000001D  c_p.l(libinit2.o)
    0x0000049e   0x0000049e   0x00000000   Code   RO          643    .ARM.Collect$$libinit$$0000001F  c_p.l(libinit2.o)
    0x0000049e   0x0000049e   0x00000000   Code   RO          645    .ARM.Collect$$libinit$$00000021  c_p.l(libinit2.o)
    0x0000049e   0x0000049e   0x00000000   Code   RO          647    .ARM.Collect$$libinit$$00000023  c_p.l(libinit2.o)
    0x0000049e   0x0000049e   0x00000000   Code   RO          649    .ARM.Collect$$libinit$$00000025  c_p.l(libinit2.o)
    0x0000049e   0x0000049e   0x00000000   Code   RO          653    .ARM.Collect$$libinit$$0000002C  c_p.l(libinit2.o)
    0x0000049e   0x0000049e   0x00000000   Code   RO          655    .ARM.Collect$$libinit$$0000002E  c_p.l(libinit2.o)
    0x0000049e   0x0000049e   0x00000000   Code   RO          657    .ARM.Collect$$libinit$$00000030  c_p.l(libinit2.o)
    0x0000049e   0x0000049e   0x00000000   Code   RO          659    .ARM.Collect$$libinit$$00000032  c_p.l(libinit2.o)
    0x0000049e   0x0000049e   0x00000002   Code   RO          660    .ARM.Collect$$libinit$$00000033  c_p.l(libinit2.o)
    0x000004a0   0x000004a0   0x00000002   Code   RO          718    .ARM.Collect$$libshutdown$$00000000  c_p.l(libshutdown.o)
    0x000004a2   0x000004a2   0x00000000   Code   RO          736    .ARM.Collect$$libshutdown$$00000002  c_p.l(libshutdown2.o)
    0x000004a2   0x000004a2   0x00000000   Code   RO          738    .ARM.Collect$$libshutdown$$00000004  c_p.l(libshutdown2.o)
    0x000004a2   0x000004a2   0x00000000   Code   RO          740    .ARM.Collect$$libshutdown$$00000006  c_p.l(libshutdown2.o)
    0x000004a2   0x000004a2   0x00000000   Code   RO          743    .ARM.Collect$$libshutdown$$00000009  c_p.l(libshutdown2.o)
    0x000004a2   0x000004a2   0x00000000   Code   RO          746    .ARM.Collect$$libshutdown$$0000000C  c_p.l(libshutdown2.o)
    0x000004a2   0x000004a2   0x00000000   Code   RO          748    .ARM.Collect$$libshutdown$$0000000E  c_p.l(libshutdown2.o)
    0x000004a2   0x000004a2   0x00000000   Code   RO          751    .ARM.Collect$$libshutdown$$00000011  c_p.l(libshutdown2.o)
    0x000004a2   0x000004a2   0x00000002   Code   RO          752    .ARM.Collect$$libshutdown$$00000012  c_p.l(libshutdown2.o)
    0x000004a4   0x000004a4   0x00000000   Code   RO          486    .ARM.Collect$$rtentry$$00000000  c_p.l(__rtentry.o)
    0x000004a4   0x000004a4   0x00000000   Code   RO          535    .ARM.Collect$$rtentry$$00000002  c_p.l(__rtentry2.o)
    0x000004a4   0x000004a4   0x00000004   Code   RO          549    .ARM.Collect$$rtentry$$00000007  c_p.l(__rtentry7.o)
    0x000004a8   0x000004a8   0x00000000   Code   RO          537    .ARM.Collect$$rtentry$$00000009  c_p.l(__rtentry2.o)
    0x000004a8   0x000004a8   0x00000004   Code   RO          538    .ARM.Collect$$rtentry$$0000000A  c_p.l(__rtentry2.o)
    0x000004ac   0x000004ac   0x00000000   Code   RO          540    .ARM.Collect$$rtentry$$0000000C  c_p.l(__rtentry2.o)
    0x000004ac   0x000004ac   0x00000008   Code   RO          541    .ARM.Collect$$rtentry$$0000000D  c_p.l(__rtentry2.o)
    0x000004b4   0x000004b4   0x00000004   Code   RO          550    .ARM.Collect$$rtentry$$00002718  c_p.l(__rtentry7.o)
    0x000004b8   0x000004b8   0x00000002   Code   RO          668    .ARM.Collect$$rtexit$$00000000  c_p.l(rtexit.o)
    0x000004ba   0x000004ba   0x00000000   Code   RO          690    .ARM.Collect$$rtexit$$00000002  c_p.l(rtexit2.o)
    0x000004ba   0x000004ba   0x00000004   Code   RO          691    .ARM.Collect$$rtexit$$00000003  c_p.l(rtexit2.o)
    0x000004be   0x000004be   0x00000006   Code   RO          692    .ARM.Collect$$rtexit$$00000004  c_p.l(rtexit2.o)
    0x000004c4   0x000004c4   0x00000038   Code   RO          441    .emb_text           c_p.l(rt_memcpy.o)
    0x000004fc   0x000004fc   0x0000009c   Code   RO          351  * .text               startup_mkl46z4.o
    0x00000598   0x00000598   0x00000028   Code   RO          411    .text               c_p.l(noretval__2sprintf.o)
    0x000005c0   0x000005c0   0x0000006c   Code   RO          415    .text               c_p.l(_printf_dec.o)
    0x0000062c   0x0000062c   0x0000010e   Code   RO          425    .text               c_p.l(__printf_wp.o)
    0x0000073a   0x0000073a   0x00000082   Code   RO          442    .text               c_p.l(rt_memcpy.o)
    0x000007bc   0x000007bc   0x0000015a   Code   RO          445    .text               c_p.l(aeabi_sdiv.o)
    0x00000916   0x00000916   0x00000002   PAD
    0x00000918   0x00000918   0x0000007c   Code   RO          451    .text               fz_ps.l(d2f.o)
    0x00000994   0x00000994   0x00000358   Code   RO          453    .text               fz_ps.l(daddsub.o)
    0x00000cec   0x00000cec   0x00000448   Code   RO          455    .text               fz_ps.l(ddiv.o)
    0x00001134   0x00001134   0x00000248   Code   RO          458    .text               fz_ps.l(dmul.o)
    0x0000137c   0x0000137c   0x00000054   Code   RO          460    .text               fz_ps.l(f2d.o)
    0x000013d0   0x000013d0   0x0000004c   Code   RO          468    .text               fz_ps.l(ffixi.o)
    0x0000141c   0x0000141c   0x0000005e   Code   RO          470    .text               fz_ps.l(fflti.o)
    0x0000147a   0x0000147a   0x00000016   Code   RO          491    .text               c_p.l(_rserrno.o)
    0x00001490   0x00001490   0x000000b0   Code   RO          493    .text               c_p.l(_printf_intcommon.o)
    0x00001540   0x00001540   0x00000030   Code   RO          497    .text               c_p.l(_printf_char_common.o)
    0x00001570   0x00001570   0x0000000a   Code   RO          499    .text               c_p.l(_sputc.o)
    0x0000157a   0x0000157a   0x00000028   Code   RO          502    .text               c_p.l(rtudiv10.o)
    0x000015a2   0x000015a2   0x00000002   PAD
    0x000015a4   0x000015a4   0x00000064   Code   RO          506    .text               fz_ps.l(fcmpin.o)
    0x00001608   0x00001608   0x00000008   Code   RO          564    .text               c_p.l(rt_errno_addr_intlibspace.o)
    0x00001610   0x00001610   0x0000002e   Code   RO          582    .text               fz_ps.l(cmpret.o)
    0x0000163e   0x0000163e   0x00000002   PAD
    0x00001640   0x00001640   0x00000090   Code   RO          584    .text               fz_ps.l(dcmpin.o)
    0x000016d0   0x000016d0   0x00000060   Code   RO          586    .text               fz_ps.l(dscalbn.o)
    0x00001730   0x00001730   0x00000010   Code   RO          588    .text               fz_ps.l(fnan2.o)
    0x00001740   0x00001740   0x00000010   Code   RO          602    .text               c_p.l(exit.o)
    0x00001750   0x00001750   0x00000014   Code   RO          661    .text               fz_ps.l(dnan2.o)
    0x00001764   0x00001764   0x0000005e   Code   RO          663    .text               fz_ps.l(retnan.o)
    0x000017c2   0x000017c2   0x00000002   PAD
    0x000017c4   0x000017c4   0x0000000c   Code   RO          684    .text               c_p.l(sys_exit.o)
    0x000017d0   0x000017d0   0x00000002   Code   RO          686    .text               c_p.l(use_no_semi.o)
    0x000017d2   0x000017d2   0x00000000   Code   RO          688    .text               c_p.l(indicate_semi.o)
    0x000017d2   0x000017d2   0x00000002   PAD
    0x000017d4   0x000017d4   0x00000018   Code   RO           65    i.Delay             delay.o
    0x000017ec   0x000017ec   0x00000068   Code   RO            5    i.I2C_init          i2c.o
    0x00001854   0x00001854   0x000000dc   Code   RO            6    i.I2C_read          i2c.o
    0x00001930   0x00001930   0x00000080   Code   RO            7    i.I2C_write         i2c.o
    0x000019b0   0x000019b0   0x00000034   Code   RO           66    i.Init_Systick      delay.o
    0x000019e4   0x000019e4   0x0000007c   Code   RO          317    i.PORTC_PORTD_IRQHandler  switch.o
    0x00001a60   0x00001a60   0x000000b0   Code   RO           68    i.SysTick_Handler   delay.o
    0x00001b10   0x00001b10   0x00000014   Code   RO          358    i.SystemInit        system_mkl46z4.o
    0x00001b24   0x00001b24   0x00000002   Code   RO          359    i.SystemInitHook    system_mkl46z4.o
    0x00001b26   0x00001b26   0x00000002   PAD
    0x00001b28   0x00001b28   0x000000dc   Code   RO          121    i.UART_Init         uart.o
    0x00001c04   0x00001c04   0x00000018   Code   RO          122    i.UART_SendChar     uart.o
    0x00001c1c   0x00001c1c   0x00000016   Code   RO          125    i.UART_SendString   uart.o
    0x00001c32   0x00001c32   0x00000002   PAD
    0x00001c34   0x00001c34   0x0000002c   Code   RO          592    i.__ARM_fpclassify  m_ps.l(fpclassify.o)
    0x00001c60   0x00001c60   0x00000078   Code   RO           69    i.__NVIC_SetPriority  delay.o
    0x00001cd8   0x00001cd8   0x00000078   Code   RO          318    i.__NVIC_SetPriority  switch.o
    0x00001d50   0x00001d50   0x000000ac   Code   RO          594    i.__kernel_poly     m_ps.l(poly.o)
    0x00001dfc   0x00001dfc   0x0000000a   Code   RO          520    i.__mathlib_dbl_infnan  m_ps.l(dunder.o)
    0x00001e06   0x00001e06   0x00000008   Code   RO          521    i.__mathlib_dbl_infnan2  m_ps.l(dunder.o)
    0x00001e0e   0x00001e0e   0x00000002   PAD
    0x00001e10   0x00001e10   0x00000014   Code   RO          525    i.__mathlib_dbl_underflow  m_ps.l(dunder.o)
    0x00001e24   0x00001e24   0x0000000e   Code   RO          427    i._is_digit         c_p.l(__printf_wp.o)
    0x00001e32   0x00001e32   0x00000002   PAD
    0x00001e34   0x00001e34   0x0000021c   Code   RO          510    i.atan              m_ps.l(atan.o)
    0x00002050   0x00002050   0x0000019c   Code   RO          479    i.atan2             m_ps.l(atan2.o)
    0x000021ec   0x000021ec   0x00000090   Code   RO          178    i.calibx            main.o
    0x0000227c   0x0000227c   0x00000090   Code   RO          179    i.caliby            main.o
    0x0000230c   0x0000230c   0x00000070   Code   RO          262    i.char_Lcd          lcd.o
    0x0000237c   0x0000237c   0x0000018c   Code   RO          263    i.lcd_Init          lcd.o
    0x00002508   0x00002508   0x00000080   Code   RO          297    i.led_Init          led.o
    0x00002588   0x00002588   0x00000012   Code   RO          236    i.mag_Init          mag.o
    0x0000259a   0x0000259a   0x00000094   Code   RO          237    i.mag_read          mag.o
    0x0000262e   0x0000262e   0x00000002   PAD
    0x00002630   0x00002630   0x000000fc   Code   RO          180    i.main              main.o
    0x0000272c   0x0000272c   0x00000030   Code   RO          264    i.string_Lcd        lcd.o
    0x0000275c   0x0000275c   0x000000b8   Code   RO          319    i.switch_Init       switch.o
    0x00002814   0x00002814   0x00000064   Code   RO          504    x$fpl$deqf          fz_ps.l(deqf.o)
    0x00002878   0x00002878   0x0000008c   Code   RO          462    x$fpl$fadd          fz_ps.l(faddsub.o)
    0x00002904   0x00002904   0x00000054   Code   RO          472    x$fpl$fleqf         fz_ps.l(flef.o)
    0x00002958   0x00002958   0x00000058   Code   RO          474    x$fpl$frleqf        fz_ps.l(frlef.o)
    0x000029b0   0x000029b0   0x000000d0   Code   RO          464    x$fpl$fsub          fz_ps.l(faddsub.o)
    0x00002a80   0x00002a80   0x00000000   Code   RO          508    x$fpl$usenofp       fz_ps.l(usenofp.o)
    0x00002a80   0x00002a80   0x00000080   Data   RO          456    .constdata          fz_ps.l(ddiv.o)
    0x00002b00   0x00002b00   0x00000098   Data   RO          511    .constdata          m_ps.l(atan.o)
    0x00002b98   0x00002b98   0x00000008   Data   RO          533    .constdata          m_ps.l(qnan.o)
    0x00002ba0   0x00002ba0   0x00000020   Data   RO          753    Region$$Table       anon$$obj.o


    Execution Region RW_m_data (Exec base: 0x1fffe000, Load base: 0x00002bc0, Size: 0x000000a8, Max: 0x00007800, ABSOLUTE)

    Exec Addr    Load Addr    Size         Type   Attr      Idx    E Section Name        Object

    0x1fffe000   0x00002bc0   0x0000000c   Data   RW           70    .data               delay.o
    0x1fffe00c   0x00002bcc   0x00000001   Data   RW          181    .data               main.o
    0x1fffe00d   0x00002bcd   0x00000003   PAD
    0x1fffe010   0x00002bd0   0x00000034   Data   RW          265    .data               lcd.o
    0x1fffe044   0x00002c04   0x00000004   Data   RW          360    .data               system_mkl46z4.o
    0x1fffe048        -       0x00000060   Zero   RW          597    .bss                c_p.l(libspace.o)


    Execution Region ARM_LIB_HEAP (Exec base: 0x1fffe0a8, Load base: 0x00002c08, Size: 0x00000400, Max: 0x00000400, ABSOLUTE)

    Exec Addr    Load Addr    Size         Type   Attr      Idx    E Section Name        Object

    0x1fffe0a8        -       0x00000400   Zero   RW            1    ARM_LIB_HEAP.bss    anon$$obj.o


    Execution Region ARM_LIB_STACK (Exec base: 0x20005c00, Load base: 0x00002c08, Size: 0x00000400, Max: 0x00000400, ABSOLUTE)

    Exec Addr    Load Addr    Size         Type   Attr      Idx    E Section Name        Object

    0x20005c00        -       0x00000400   Zero   RW            2    ARM_LIB_STACK.bss   anon$$obj.o


==============================================================================

Image component sizes


      Code (inc. data)   RO Data    RW Data    ZI Data      Debug   Object Name

       372         48          0         12          0      10169   delay.o
       452         22          0          0          0     280794   i2c.o
       556         26          0         52          0       2062   lcd.o
       128         16          0          0          0        351   led.o
       166          0          0          0          0       1450   mag.o
       540         44          0          1          0       2729   main.o
       156         70        208          0          0       1140   startup_mkl46z4.o
       428         54          0          0          0       9559   switch.o
        22          6          0          4          0       1040   system_mkl46z4.o
       266         22          0          0          0       1238   uart.o

    ----------------------------------------------------------------------
      3092        308        240         72       2048     310532   Object Totals
         0          0         32          0       2048          0   (incl. Generated)
         6          0          0          3          0          0   (incl. Padding)

    ----------------------------------------------------------------------

      Code (inc. data)   RO Data    RW Data    ZI Data      Debug   Library Member Name

         8          0          0          0          0         68   __main.o
       284          0          0          0          0        136   __printf_wp.o
         0          0          0          0          0          0   __rtentry.o
        12          0          0          0          0          0   __rtentry2.o
         8          4          0          0          0          0   __rtentry7.o
        60          8          0          0          0          0   __scatter.o
        26          0          0          0          0          0   __scatter_copy.o
        28          0          0          0          0          0   __scatter_zi.o
        48          6          0          0          0         88   _printf_char_common.o
        10          0          0          0          0          0   _printf_d.o
       108         18          0          0          0         76   _printf_dec.o
       176          0          0          0          0         84   _printf_intcommon.o
         2          0          0          0          0          0   _printf_percent.o
         4          0          0          0          0          0   _printf_percent_end.o
        22          0          0          0          0         92   _rserrno.o
        10          0          0          0          0         60   _sputc.o
       346          0          0          0          0         92   aeabi_sdiv.o
        16          0          0          0          0         68   exit.o
         0          0          0          0          0          0   indicate_semi.o
         2          0          0          0          0          0   libinit.o
         2          0          0          0          0          0   libinit2.o
         2          0          0          0          0          0   libshutdown.o
         2          0          0          0          0          0   libshutdown2.o
         0          0          0          0         96          0   libspace.o
        40          4          0          0          0         84   noretval__2sprintf.o
         8          4          0          0          0         68   rt_errno_addr_intlibspace.o
       186          0          0          0          0        144   rt_memcpy.o
         2          0          0          0          0          0   rtexit.o
        10          0          0          0          0          0   rtexit2.o
        40          0          0          0          0         60   rtudiv10.o
        12          4          0          0          0         60   sys_exit.o
         2          0          0          0          0         68   use_no_semi.o
        46          0          0          0          0         60   cmpret.o
       124          4          0          0          0         72   d2f.o
       856         20          0          0          0        208   daddsub.o
       144          4          0          0          0         76   dcmpin.o
      1096         26        128          0          0        112   ddiv.o
       100          4          0          0          0         92   deqf.o
       584         26          0          0          0         84   dmul.o
        20          6          0          0          0         68   dnan2.o
        96         12          0          0          0         72   dscalbn.o
        84          4          0          0          0         60   f2d.o
       348          8          0          0          0        160   faddsub.o
       100          4          0          0          0         68   fcmpin.o
        76          0          0          0          0         68   ffixi.o
        94          0          0          0          0         92   fflti.o
        84          4          0          0          0         76   flef.o
        16          6          0          0          0         68   fnan2.o
        88          4          0          0          0         76   frlef.o
        94          0          0          0          0         68   retnan.o
         0          0          0          0          0          0   usenofp.o
       540         68        152          0          0        112   atan.o
       412         40          0          0          0        144   atan2.o
        38          6          0          0          0        204   dunder.o
        44          4          0          0          0         60   fpclassify.o
       172          0          0          0          0         76   poly.o
         0          0          8          0          0          0   qnan.o

    ----------------------------------------------------------------------
      6748        298        288          0         96       3424   Library Totals
        16          0          0          0          0          0   (incl. Padding)

    ----------------------------------------------------------------------

      Code (inc. data)   RO Data    RW Data    ZI Data      Debug   Library Name

      1476         48          0          0         96       1248   c_p.l
      4050        132        128          0          0       1580   fz_ps.l
      1206        118        160          0          0        596   m_ps.l

    ----------------------------------------------------------------------
      6748        298        288          0         96       3424   Library Totals

    ----------------------------------------------------------------------

==============================================================================


      Code (inc. data)   RO Data    RW Data    ZI Data      Debug   

      9840        606        528         72       2144     311264   Grand Totals
      9840        606        528         72       2144     311264   ELF Image Totals
      9840        606        528         72          0          0   ROM Totals

==============================================================================

    Total RO  Size (Code + RO Data)                10368 (  10.13kB)
    Total RW  Size (RW Data + ZI Data)              2216 (   2.16kB)
    Total ROM Size (Code + RO Data + RW Data)      10440 (  10.20kB)

==============================================================================

